
 Start         Length     Name                   Class
 0001:00000000 0005F1A8H .text                   CODE
 0002:00000000 0000142CH .data                   DATA
 0002:0000142C 00000C5DH .bss                    BSS


Detailed map of segments

 0001:00000000 00004F47 C=CODE     S=.text    G=(none)   M=System   ACBP=A9
 0001:00004F48 00000140 C=CODE     S=.text    G=(none)   M=SysInit  ACBP=A9
 0001:00005088 00000078 C=CODE     S=.text    G=(none)   M=Types    ACBP=A9
 0001:00005100 00000D14 C=CODE     S=.text    G=(none)   M=Windows  ACBP=A9
 0001:00005E14 00000038 C=CODE     S=.text    G=(none)   M=Messages ACBP=A9
 0001:00005E4C 00000330 C=CODE     S=.text    G=(none)   M=SysConst ACBP=A9
 0001:0000617C 00006998 C=CODE     S=.text    G=(none)   M=SysUtils ACBP=A9
 0001:0000CB14 000007FB C=CODE     S=.text    G=(none)   M=VarUtils ACBP=A9
 0001:0000D310 00005B12 C=CODE     S=.text    G=(none)   M=Variants ACBP=A9
 0001:00012E24 00000128 C=CODE     S=.text    G=(none)   M=RTLConsts ACBP=A9
 0001:00012F4C 000007E8 C=CODE     S=.text    G=(none)   M=TypInfo  ACBP=A9
 0001:00013734 00000098 C=CODE     S=.text    G=(none)   M=ActiveX  ACBP=A9
 0001:000137CC 0000981E C=CODE     S=.text    G=(none)   M=Classes  ACBP=A9
 0001:0001CFEC 000002E0 C=CODE     S=.text    G=(none)   M=Consts   ACBP=A9
 0001:0001D2CC 00008CE3 C=CODE     S=.text    G=(none)   M=Graphics ACBP=A9
 0001:00025FB0 00000048 C=CODE     S=.text    G=(none)   M=Math     ACBP=A9
 0001:00025FF8 000002B8 C=CODE     S=.text    G=(none)   M=Contnrs  ACBP=A9
 0001:000262B0 000000F4 C=CODE     S=.text    G=(none)   M=CommCtrl ACBP=A9
 0001:000263A4 00000787 C=CODE     S=.text    G=(none)   M=MultiMon ACBP=A9
 0001:00026B2C 00000038 C=CODE     S=.text    G=(none)   M=Imm      ACBP=A9
 0001:00026B64 00000FF8 C=CODE     S=.text    G=(none)   M=HelpIntfs ACBP=A9
 0001:00027B5C 00000038 C=CODE     S=.text    G=(none)   M=WinSpool ACBP=A9
 0001:00027B94 00000044 C=CODE     S=.text    G=(none)   M=Printers ACBP=A9
 0001:00027BD8 0000031F C=CODE     S=.text    G=(none)   M=FlatSB   ACBP=A9
 0001:00027EF8 000001A4 C=CODE     S=.text    G=(none)   M=SyncObjs ACBP=A9
 0001:0002809C 000009BB C=CODE     S=.text    G=(none)   M=UxTheme  ACBP=A9
 0001:00028A58 00000038 C=CODE     S=.text    G=(none)   M=RichEdit ACBP=A9
 0001:00028A90 00000038 C=CODE     S=.text    G=(none)   M=ToolWin  ACBP=A9
 0001:00028AC8 00000038 C=CODE     S=.text    G=(none)   M=ShellAPI ACBP=A9
 0001:00028B00 00000038 C=CODE     S=.text    G=(none)   M=RegStr   ACBP=A9
 0001:00028B38 00000038 C=CODE     S=.text    G=(none)   M=WinInet  ACBP=A9
 0001:00028B70 00000038 C=CODE     S=.text    G=(none)   M=UrlMon   ACBP=A9
 0001:00028BA8 0000006C C=CODE     S=.text    G=(none)   M=ShlObj   ACBP=A9
 0001:00028C14 00000048 C=CODE     S=.text    G=(none)   M=CommDlg  ACBP=A9
 0001:00028C5C 00000038 C=CODE     S=.text    G=(none)   M=Dlgs     ACBP=A9
 0001:00028C94 00002435 C=CODE     S=.text    G=(none)   M=Dialogs  ACBP=A9
 0001:0002B0CC 000011AA C=CODE     S=.text    G=(none)   M=ExtCtrls ACBP=A9
 0001:0002C278 00000038 C=CODE     S=.text    G=(none)   M=ComStrs  ACBP=A9
 0001:0002C2B0 00000094 C=CODE     S=.text    G=(none)   M=Clipbrd  ACBP=A9
 0001:0002C344 00000038 C=CODE     S=.text    G=(none)   M=StrUtils ACBP=A9
 0001:0002C37C 000000F5 C=CODE     S=.text    G=(none)   M=Buttons  ACBP=A9
 0001:0002C474 00000038 C=CODE     S=.text    G=(none)   M=ExtDlgs  ACBP=A9
 0001:0002C4AC 00001014 C=CODE     S=.text    G=(none)   M=IniFiles ACBP=A9
 0001:0002D4C0 00000068 C=CODE     S=.text    G=(none)   M=Registry ACBP=A9
 0001:0002D528 0000006C C=CODE     S=.text    G=(none)   M=Mapi     ACBP=A9
 0001:0002D594 00000058 C=CODE     S=.text    G=(none)   M=ExtActns ACBP=A9
 0001:0002D5EC 00000038 C=CODE     S=.text    G=(none)   M=ListActns ACBP=A9
 0001:0002D624 00000180 C=CODE     S=.text    G=(none)   M=ComCtrls ACBP=A9
 0001:0002D7A4 00000A0C C=CODE     S=.text    G=(none)   M=Themes   ACBP=A9
 0001:0002E1B0 00007244 C=CODE     S=.text    G=(none)   M=StdCtrls ACBP=A9
 0001:000353F4 00000168 C=CODE     S=.text    G=(none)   M=StdActns ACBP=A9
 0001:0003555C 00000D1F C=CODE     S=.text    G=(none)   M=WinHelpViewer ACBP=A9
 0001:0003627C 00010E7B C=CODE     S=.text    G=(none)   M=Controls ACBP=A9
 0001:000470F8 00001292 C=CODE     S=.text    G=(none)   M=ActnList ACBP=A9
 0001:0004838C 000016E4 C=CODE     S=.text    G=(none)   M=ImgList  ACBP=A9
 0001:00049A70 00006639 C=CODE     S=.text    G=(none)   M=Menus    ACBP=A9
 0001:000500AC 0000C408 C=CODE     S=.text    G=(none)   M=Forms    ACBP=A9
 0001:0005C4B4 00000038 C=CODE     S=.text    G=(none)   M=FileCtrl ACBP=A9
 0001:0005C4EC 00000058 C=CODE     S=.text    G=(none)   M=ComConst ACBP=A9
 0001:0005C544 00000E65 C=CODE     S=.text    G=(none)   M=ComObj   ACBP=A9
 0001:0005D3AC 00000038 C=CODE     S=.text    G=(none)   M=TlHelp32 ACBP=A9
 0001:0005D3E4 00000050 C=CODE     S=.text    G=(none)   M=MMSystem ACBP=A9
 0001:0005D434 00000AD8 C=CODE     S=.text    G=(none)   M=DSiWin32 ACBP=A9
 0001:0005DF0C 0000101C C=CODE     S=.text    G=(none)   M=AnaForm  ACBP=A9
 0001:0005EF28 0000027D C=CODE     S=.text    G=(none)   M=Duyuru   ACBP=A9
 0002:00000000 0000009C C=DATA     S=.data    G=DGROUP   M=System   ACBP=A9
 0002:0000009C 00000020 C=DATA     S=.data    G=DGROUP   M=SysInit  ACBP=A9
 0002:000000BC 00000254 C=DATA     S=.data    G=DGROUP   M=SysUtils ACBP=A9
 0002:00000310 00000008 C=DATA     S=.data    G=DGROUP   M=VarUtils ACBP=A9
 0002:00000318 0000008E C=DATA     S=.data    G=DGROUP   M=Variants ACBP=A9
 0002:000003A8 0000000C C=DATA     S=.data    G=DGROUP   M=TypInfo  ACBP=A9
 0002:000003B4 00000010 C=DATA     S=.data    G=DGROUP   M=ActiveX  ACBP=A9
 0002:000003C4 000000E4 C=DATA     S=.data    G=DGROUP   M=Classes  ACBP=A9
 0002:000004A8 00000304 C=DATA     S=.data    G=DGROUP   M=Graphics ACBP=A9
 0002:000007AC 00000004 C=DATA     S=.data    G=DGROUP   M=Printers ACBP=A9
 0002:000007B0 00000114 C=DATA     S=.data    G=DGROUP   M=Dialogs  ACBP=A9
 0002:000008C4 00000178 C=DATA     S=.data    G=DGROUP   M=ExtCtrls ACBP=A9
 0002:00000A3C 0000002C C=DATA     S=.data    G=DGROUP   M=Buttons  ACBP=A9
 0002:00000A68 00000008 C=DATA     S=.data    G=DGROUP   M=IniFiles ACBP=A9
 0002:00000A70 00000008 C=DATA     S=.data    G=DGROUP   M=Registry ACBP=A9
 0002:00000A78 00000008 C=DATA     S=.data    G=DGROUP   M=Mapi     ACBP=A9
 0002:00000A80 00000018 C=DATA     S=.data    G=DGROUP   M=ComCtrls ACBP=A9
 0002:00000A98 00000068 C=DATA     S=.data    G=DGROUP   M=Themes   ACBP=A9
 0002:00000B00 000000D4 C=DATA     S=.data    G=DGROUP   M=StdCtrls ACBP=A9
 0002:00000BD4 0000013C C=DATA     S=.data    G=DGROUP   M=Controls ACBP=A9
 0002:00000D10 00000020 C=DATA     S=.data    G=DGROUP   M=ImgList  ACBP=A9
 0002:00000D30 000000EC C=DATA     S=.data    G=DGROUP   M=Menus    ACBP=A9
 0002:00000E1C 0000011C C=DATA     S=.data    G=DGROUP   M=Forms    ACBP=A9
 0002:00000F38 00000030 C=DATA     S=.data    G=DGROUP   M=ComObj   ACBP=A9
 0002:00000F68 00000060 C=DATA     S=.data    G=DGROUP   M=DSiWin32 ACBP=A9
 0002:00002000 00000664 C=BSS      S=.bss     G=DGROUP   M=System   ACBP=A9
 0002:00002664 00000010 C=BSS      S=.bss     G=DGROUP   M=SysInit  ACBP=A9
 0002:00002674 00000004 C=BSS      S=.bss     G=DGROUP   M=Types    ACBP=A9
 0002:00002678 00000004 C=BSS      S=.bss     G=DGROUP   M=Windows  ACBP=A9
 0002:0000267C 00000004 C=BSS      S=.bss     G=DGROUP   M=Messages ACBP=A9
 0002:00002680 00000004 C=BSS      S=.bss     G=DGROUP   M=SysConst ACBP=A9
 0002:00002684 00000120 C=BSS      S=.bss     G=DGROUP   M=SysUtils ACBP=A9
 0002:000027A4 0000005C C=BSS      S=.bss     G=DGROUP   M=VarUtils ACBP=A9
 0002:00002800 00000040 C=BSS      S=.bss     G=DGROUP   M=Variants ACBP=A9
 0002:00002840 00000004 C=BSS      S=.bss     G=DGROUP   M=RTLConsts ACBP=A9
 0002:00002844 00000004 C=BSS      S=.bss     G=DGROUP   M=TypInfo  ACBP=A9
 0002:00002848 00000004 C=BSS      S=.bss     G=DGROUP   M=ActiveX  ACBP=A9
 0002:0000284C 00000040 C=BSS      S=.bss     G=DGROUP   M=Classes  ACBP=A9
 0002:0000288C 00000004 C=BSS      S=.bss     G=DGROUP   M=Consts   ACBP=A9
 0002:00002890 00000060 C=BSS      S=.bss     G=DGROUP   M=Graphics ACBP=A9
 0002:000028F0 00000004 C=BSS      S=.bss     G=DGROUP   M=Math     ACBP=A9
 0002:000028F4 00000004 C=BSS      S=.bss     G=DGROUP   M=Contnrs  ACBP=A9
 0002:000028F8 00000004 C=BSS      S=.bss     G=DGROUP   M=CommCtrl ACBP=A9
 0002:000028FC 00000031 C=BSS      S=.bss     G=DGROUP   M=MultiMon ACBP=A9
 0002:00002930 00000004 C=BSS      S=.bss     G=DGROUP   M=Imm      ACBP=A9
 0002:00002934 00000008 C=BSS      S=.bss     G=DGROUP   M=HelpIntfs ACBP=A9
 0002:0000293C 00000004 C=BSS      S=.bss     G=DGROUP   M=WinSpool ACBP=A9
 0002:00002940 00000004 C=BSS      S=.bss     G=DGROUP   M=Printers ACBP=A9
 0002:00002944 00000034 C=BSS      S=.bss     G=DGROUP   M=FlatSB   ACBP=A9
 0002:00002978 00000004 C=BSS      S=.bss     G=DGROUP   M=SyncObjs ACBP=A9
 0002:0000297C 000000CC C=BSS      S=.bss     G=DGROUP   M=UxTheme  ACBP=A9
 0002:00002A48 00000004 C=BSS      S=.bss     G=DGROUP   M=RichEdit ACBP=A9
 0002:00002A4C 00000004 C=BSS      S=.bss     G=DGROUP   M=ToolWin  ACBP=A9
 0002:00002A50 00000004 C=BSS      S=.bss     G=DGROUP   M=ShellAPI ACBP=A9
 0002:00002A54 00000004 C=BSS      S=.bss     G=DGROUP   M=RegStr   ACBP=A9
 0002:00002A58 00000004 C=BSS      S=.bss     G=DGROUP   M=WinInet  ACBP=A9
 0002:00002A5C 00000004 C=BSS      S=.bss     G=DGROUP   M=UrlMon   ACBP=A9
 0002:00002A60 00000004 C=BSS      S=.bss     G=DGROUP   M=ShlObj   ACBP=A9
 0002:00002A64 00000004 C=BSS      S=.bss     G=DGROUP   M=CommDlg  ACBP=A9
 0002:00002A68 00000004 C=BSS      S=.bss     G=DGROUP   M=Dlgs     ACBP=A9
 0002:00002A6C 00000038 C=BSS      S=.bss     G=DGROUP   M=Dialogs  ACBP=A9
 0002:00002AA4 00000004 C=BSS      S=.bss     G=DGROUP   M=ExtCtrls ACBP=A9
 0002:00002AA8 00000004 C=BSS      S=.bss     G=DGROUP   M=ComStrs  ACBP=A9
 0002:00002AAC 0000000C C=BSS      S=.bss     G=DGROUP   M=Clipbrd  ACBP=A9
 0002:00002AB8 00000004 C=BSS      S=.bss     G=DGROUP   M=StrUtils ACBP=A9
 0002:00002ABC 00000030 C=BSS      S=.bss     G=DGROUP   M=Buttons  ACBP=A9
 0002:00002AEC 00000004 C=BSS      S=.bss     G=DGROUP   M=ExtDlgs  ACBP=A9
 0002:00002AF0 00000004 C=BSS      S=.bss     G=DGROUP   M=IniFiles ACBP=A9
 0002:00002AF4 00000004 C=BSS      S=.bss     G=DGROUP   M=Registry ACBP=A9
 0002:00002AF8 00000004 C=BSS      S=.bss     G=DGROUP   M=Mapi     ACBP=A9
 0002:00002AFC 00000009 C=BSS      S=.bss     G=DGROUP   M=ExtActns ACBP=A9
 0002:00002B08 00000004 C=BSS      S=.bss     G=DGROUP   M=ListActns ACBP=A9
 0002:00002B0C 00000010 C=BSS      S=.bss     G=DGROUP   M=ComCtrls ACBP=A9
 0002:00002B1C 00000008 C=BSS      S=.bss     G=DGROUP   M=Themes   ACBP=A9
 0002:00002B24 00000004 C=BSS      S=.bss     G=DGROUP   M=StdCtrls ACBP=A9
 0002:00002B28 00000004 C=BSS      S=.bss     G=DGROUP   M=StdActns ACBP=A9
 0002:00002B2C 00000014 C=BSS      S=.bss     G=DGROUP   M=WinHelpViewer ACBP=A9
 0002:00002B40 00000080 C=BSS      S=.bss     G=DGROUP   M=Controls ACBP=A9
 0002:00002BC0 00000004 C=BSS      S=.bss     G=DGROUP   M=ActnList ACBP=A9
 0002:00002BC4 0000000C C=BSS      S=.bss     G=DGROUP   M=ImgList  ACBP=A9
 0002:00002BD0 00000010 C=BSS      S=.bss     G=DGROUP   M=Menus    ACBP=A9
 0002:00002BE0 00000020 C=BSS      S=.bss     G=DGROUP   M=Forms    ACBP=A9
 0002:00002C00 00000004 C=BSS      S=.bss     G=DGROUP   M=FileCtrl ACBP=A9
 0002:00002C04 00000004 C=BSS      S=.bss     G=DGROUP   M=ComConst ACBP=A9
 0002:00002C08 00000011 C=BSS      S=.bss     G=DGROUP   M=ComObj   ACBP=A9
 0002:00002C1C 00000004 C=BSS      S=.bss     G=DGROUP   M=TlHelp32 ACBP=A9
 0002:00002C20 00000004 C=BSS      S=.bss     G=DGROUP   M=MMSystem ACBP=A9
 0002:00002C24 00000030 C=BSS      S=.bss     G=DGROUP   M=DSiWin32 ACBP=A9
 0002:00002C54 00000008 C=BSS      S=.bss     G=DGROUP   M=AnaForm  ACBP=A9


  Address         Publics by Name

 0002:00002A5C       .1
 0002:00002A58       .1
 0002:00002A54       .1
 0002:00002A60       .1
 0002:00002A64       .1
 0002:0000267C       .1
 0002:00002680       .1
 0002:00002A68       .1
 0002:00002C04       .1
 0002:00002AB8       .1
 0002:00002A50       .1
 0002:00002A48       .1
 0002:00002840       .1
 0002:00002AA8       .1
 0002:00002A38       .1
 0002:00002964       .1
 0002:00002B34       .1
 0002:00002AF8       .1
 0002:00002930       .1
 0002:0000288C       .1
 0002:0000291C       .1
 0002:000028F8       .1
 0002:00002C1C       .1
 0002:0000266C       .1
 0002:00002674       .1
 0002:00002A6C       .11
 0002:00002894       .12
 0002:00002AA4       .12
 0002:00002934       .2
 0002:00002AB0       .2
 0002:00002B1C       .2
 0002:00002C58       .2
 0002:000028F0       .2
 0002:000028F4       .21
 0002:00002848       .3
 0002:00002940       .3
 0002:0000293C       .3
 0002:00002BC4       .3
 0002:00002678       .3
 0002:00002AEC       .3
 0002:00002794       .35
 0002:00002B0C       .36
 0002:00002A4C       .4
 0002:00002ABC       .4
 0002:00002C08       .41
 0002:00002BE8       .41
 0002:00002B24       .42
 0002:00002858       .45
 0002:000025BC       .5
 0002:00002C24       .5
 0002:00002AF4       .5
 0002:000027FC       .5
 0002:00002C00       .5
 0002:00002844       .6
 0002:00002978       .6
 0002:00002C20       .7
 0002:00002B48       .72
 0002:00002AFC       .72
 0002:00002B28       .73
 0002:00002AF0       .8
 0002:00002B08       .8
 0002:00002BC0       .8
 0002:00002820       .81
 0002:00002BD8       .9
 0001:000019E4       @AbstractError
 0001:00002524       @AfterConstruction
 0001:00002358       @AsClass
 0001:00001B4C       @AStrCmp
 0001:00002534       @BeforeDestruction
 0001:000020E8       @BoundErr
 0001:000023A4       @CallDynaInst
 0001:000024CC       @ClassCreate
 0001:0000251C       @ClassDestroy
 0001:00001A54       @Close
 0001:00001874       @Copy
 0001:00003BD8       @CopyArray
 0001:00003ABC       @CopyRecord
 0001:00003D44       @DispCallByIDError
 0001:0000DE34       @DispInvokeError
 0001:00003CE0       @Dispose
 0001:000029B0       @DoneExcept
 0001:00004220       @DynArrayAsg
 0001:000041E4       @DynArrayClear
 0001:00004024       @DynArrayHigh
 0001:0000401C       @DynArrayLength
 0001:000041D8       @DynArraySetLength
 0001:00002A98       @ExceptionHandler
 0001:00001BBC       @FillChar
 0001:00003A98       @Finalize
 0001:000039AC       @FinalizeArray
 0001:00003960       @FinalizeRecord
 0001:000023BC       @FindDynaInst
 0001:000020DC       @FpuInit
 0001:00002018       @FpuMaskInit
 0001:000016FC       @FreeMem
 0001:000016DC       @GetMem
 0001:00004FC0       @GetTls
 0001:00002EE0       @Halt
 0001:00002E08       @Halt0
 0001:00002648       @HandleAnyException
 0001:000028FC       @HandleFinally
 0001:00002774       @HandleOnException
 0001:0000500C       @InitExe
 0001:00003954       @Initialize
 0001:000038C0       @InitializeArray
 0001:00003890       @InitializeRecord
 0001:00002CCC       @InitImports
 0001:00002CA4       @InitResStringImports
 0001:00002C80       @InitResStrings
 0001:00004904       @IntfAddRef
 0001:000048D4       @IntfCast
 0001:00004890       @IntfClear
 0001:000048A8       @IntfCopy
 0001:00002334       @IsClass
 0001:00001FE8       @isNECWindows
 0001:000018B8       @LGetDir
 0001:000033A8       @LStrAddRef
 0001:00002F1C       @LStrArrayClr
 0001:00002F4C       @LStrAsg
 0001:000031C0       @LStrCat
 0001:00003204       @LStrCat3
 0001:00003278       @LStrCatN
 0001:00002EF8       @LStrClr
 0001:00003304       @LStrCmp
 0001:00003418       @LStrCopy
 0001:00003458       @LStrDelete
 0001:00003168       @LStrFromArray
 0001:000030E0       @LStrFromChar
 0001:000030F0       @LStrFromPChar
 0001:00002FE8       @LStrFromPCharLen
 0001:00003120       @LStrFromPWChar
 0001:00003054       @LStrFromPWCharLen
 0001:0000315C       @LStrFromString
 0001:00003180       @LStrFromWStr
 0001:000034A0       @LStrInsert
 0001:00002F90       @LStrLAsg
 0001:000031B8       @LStrLen
 0001:000035A8       @LStrOfChar
 0001:000034FC       @LStrPos
 0001:00003544       @LStrSetLength
 0001:000033B8       @LStrToPChar
 0001:00003194       @LStrToString
 0001:00003CCC       @New
 0001:00002FBC       @NewAnsiString
 0001:000035DC       @NewWideString
 0001:00001CFC       @Pow10
 0001:00001AC8       @PStrCmp
 0001:00001AAC       @PStrNCpy
 0001:0000295C       @RaiseAgain
 0001:00002934       @RaiseExcept
 0001:0000171C       @ReallocMem
 0001:000019B4       @ROUND
 0001:00002EEC       @RunError
 0001:00001CE0       @SetEq
 0001:00002C40       @StartExe
 0001:000002B4       @strlen
 0001:000019C0       @TRUNC
 0001:000029E0       @TryFinallyExit
 0001:00003410       @UniqueStringA
 0001:00003DEC       @ValInt64
 0001:00001BDC       @ValLong
 0001:00012578       @VarAddRef
 0001:0000E714       @VarCast
 0001:0000E120       @VarClear
 0001:00003994       @VarClr
 0001:0000E134       @VarClr
 0001:0000E448       @VarCopy
 0001:00003AA4       @VarCopy
 0001:00012458       @VarFromBool
 0001:000122E4       @VarFromByte
 0001:000124A8       @VarFromCurr
 0001:00012400       @VarFromCurrency
 0001:0001242C       @VarFromDate
 0001:0001254C       @VarFromDisp
 0001:000123D4       @VarFromDouble
 0001:00012288       @VarFromInt
 0001:00012384       @VarFromInt64
 0001:000122C4       @VarFromInteger
 0001:00012520       @VarFromIntf
 0001:00012324       @VarFromLongWord
 0001:000124BC       @VarFromLStr
 0001:00012480       @VarFromReal
 0001:00012344       @VarFromShortInt
 0001:000123B0       @VarFromSingle
 0001:00012364       @VarFromSmallInt
 0001:00012494       @VarFromTDateTime
 0001:00012304       @VarFromWord
 0001:000124E8       @VarFromWStr
 0001:0000DE88       @VarNull
 0001:0000FB98       @VarToBoolean
 0001:0000EFD8       @VarToByte
 0001:00010D5C       @VarToCurrency
 0001:000107F4       @VarToDate
 0001:000121DC       @VarToDisp
 0001:000100A0       @VarToDouble
 0001:0000F59C       @VarToInt64
 0001:0000EAD8       @VarToInteger
 0001:00012110       @VarToIntf
 0001:0000F250       @VarToLongWord
 0001:00011410       @VarToLStr
 0001:0000EF28       @VarToShortInt
 0001:0001041C       @VarToSingle
 0001:0000F080       @VarToSmallInt
 0001:0000F178       @VarToWord
 0001:00011B38       @VarToWStr
 0001:0000361C       @WStrArrayClr
 0001:00003640       @WStrAsg
 0001:00003604       @WStrClr
 0001:0000377C       @WStrCmp
 0001:00003800       @WStrCopy
 0001:00003750       @WStrFromLStr
 0001:00003664       @WStrFromPCharLen
 0001:00003714       @WStrFromPWChar
 0001:000036F0       @WStrFromPWCharLen
 0001:00003770       @WStrLen
 0001:0000384C       @WStrSetLength
 0001:00003760       @WStrToPWChar
 0001:00001CBC       @_CLenToPasStr
 0001:00001CB0       @_CToPasStr
 0001:00001844       @_IOTest
 0001:00003D70       @_lldiv
 0001:00003D4C       @_llmul
 0001:000390E4       AbsMin
 0001:0000AD38       AbstractErrorHandler
 0002:0000202C       AbstractErrorProc
 0002:00000140       AccessMode
 0001:000017AC       AcquireExceptionObject
 0001:00015B28       ActivateClassGroup
 0001:00005654       ActivateKeyboardLayout
 0002:00002B7C       ActiveDrag
 0001:000137C4       ActiveX
 0001:00048360       ActnList
 0001:000003E8       AddBlockAfter
 0002:000003C4       AddDataModule
 0001:00006DB4       AddExitProc
 0001:00018BE8       AddFinished
 0001:0004B6A4       AddIn
 0001:00004724       AddModuleUnloadProc
 0001:00004734       AddModuleUnloadProc
 0001:00018C20       AddNotFinished
 0001:00019644       AddSubComponentsToLoaded
 0001:00020C78       AdjustColor
 0001:0000708C       AdjustLineBreaks
 0001:000526B4       Adjustment
 0001:0000565C       AdjustWindowRectEx
 0002:00000B48       Alignments
 0002:00000B08       Alignments
 0002:00000DF4       Alignments
 0002:00000E04       Alignments
 0001:0003E750       AlignWork
 0001:000595AC       AlignWork
 0001:0001CDCC       AllocateHWnd
 0001:00029B24       AllocFilterStr
 0001:00006D68       AllocMem
 0002:000025B4       AllocMemCount
 0002:000025B8       AllocMemSize
 0001:00025DA8       AllocPatternBitmap
 0001:00004F68       AllocTlsBuffer
 0001:0005EF20       AnaForm
 0002:00000BE0       AnchorAlign
 0002:00000BD4       AnimateWindowProc
 0002:00000CDC       AnimationStyle
 0001:00006F94       AnsiCompareStr
 0001:00006FCC       AnsiCompareText
 0001:00007744       AnsiLastChar
 0001:00005664       AnsiLower
 0001:00006F60       AnsiLowerCase
 0001:0000B6F0       AnsiLowerCaseFileName
 0001:0000B6B8       AnsiPos
 0001:0004FEB8       AnsiSameCaption
 0001:00007004       AnsiSameText
 0001:0000701C       AnsiStrLIComp
 0001:0000B77C       AnsiStrPos
 0001:0000B81C       AnsiStrRScan
 0001:0000B844       AnsiStrScan
 0001:00004D04       AnsiToUtf8
 0001:00006F2C       AnsiUpperCase
 0001:00012098       AnyToIntf
 0001:00008BE4       AppendChars
 0001:00008FA8       AppendFormat
 0001:00008C48       AppendNumber
 0001:00008C28       AppendString
 0002:00002BE0       Application
 0002:000003D4       ApplicationHandleException
 0002:000003DC       ApplicationShowException
 0002:00000F30       AppVisible
 0001:0000AD1C       AssertErrorHandler
 0002:00002024       AssertErrorProc
 0001:000131FC       AssignLongStr
 0001:000135A0       AssignVariant
 0002:0000260C       avail
 0001:00007880       BackfillGetDiskFreeSpaceEx
 0001:0003BC78       BackgroundClipped
 0001:0000CDA4       BackupVarBoolFromStr
 0001:0000CF04       BackupVarBStrFromBool
 0001:0000CE24       BackupVarBStrFromCy
 0001:0000CE94       BackupVarBStrFromDate
 0001:0000CD38       BackupVarCyFromStr
 0001:0000CCCC       BackupVarDateFromStr
 0001:0000CB88       BackupVarI4FromStr
 0001:0000CB34       BackupVariantChangeTypeEx
 0001:0000CBF4       BackupVarR4FromStr
 0001:0000CC60       BackupVarR8FromStr
 0001:0000B310       Beep
 0001:00015E80       BeginGlobalLoading
 0001:0000566C       BeginPaint
 0001:00020C84       BetterSize
 0001:0004C518       BiDiDraw
 0001:0001B9D8       BinToHex
 0001:0000544C       BitBlt
 0002:00000A3C       BitBtnCaptions
 0002:00002AC0       BitBtnGlyphs
 0002:00000760       BitmapCanvasList
 0002:000028AC       BitmapImageLock
 0001:0000CB70       BiUnimplemented
 0002:0000047C       BlockCode
 0002:000025E4       blockDescBlockList
 0002:000025E8       blockDescFreeList
 0002:000003A8       BooleanIdents
 0002:00000324       BooleanToStringRule
 0001:000075DC       BoolToStr
 0001:00011198       BoolToWStrViaOS
 0002:00000B00       BorderStyles
 0001:00014E40       Bounds
 0001:000050AC       Bounds
 0002:00000D9C       Breaks
 0002:000028E4       BrushManager
 0001:0004ECCC       BuildImage
 0002:0000086C       ButtonCaptions
 0002:00000840       ButtonNames
 0001:0002C44C       Buttons
 0002:00000E18       Buttons
 0002:00000B78       ButtonStyles
 0002:00002A78       ButtonWidths
 0001:00020464       BytesPerScanline
 0001:000207BC       ByteSwapColors
 0001:0000B3F4       ByteToCharIndex
 0001:0000B3CC       ByteToCharLen
 0001:0000B390       ByteType
 0001:0000B318       ByteTypeTest
 0002:00002BC8       CachedComCtrlVer
 0001:0001CD08       CalcJmpOffset
 0001:000463CC       CalcSplitterPos
 0001:00005674       CallNextHookEx
 0001:0000C044       CallTerminateProcs
 0001:0000567C       CallWindowProc
 0001:0003A11C       CancelDrag
 0002:00002B90       CanvasList
 0002:000028E8       CanvasList
 0002:00000818       Captions
 0002:00000C98       CaptureControl
 0002:00000D3C       cBooleanToItemAutoFlag
 0002:00000F70       CDSiWindowsVersionStr
 0001:00029434       CenterWindow
 0002:00002AAE       CF_COMPONENT
 0002:00002AAC       CF_PICTURE
 0002:00002818       ChangeAnyProc
 0001:0003869C       ChangeBiDiModeAlignment
 0002:00000B28       CharCases
 0001:00003018       CharFromWChar
 0001:0000B5C8       CharLength
 0001:00005684       CharLowerBuff
 0001:0000022C       CharNext
 0001:0000568C       CharNext
 0001:0001ED94       CharsetToIdent
 0001:0000B4DC       CharToByteIndex
 0001:0000B540       CharToByteLen
 0001:00005694       CharToOemA
 0001:0000569C       CharUpperBuff
 0001:0002124C       CheckBool
 0001:000025C4       CheckJmp
 0001:000056A4       CheckMenuItem
 0002:00000D8C       Checks
 0001:00019680       CheckSubComponents
 0001:0001BAE0       CheckSynchronize
 0001:000520F0       CheckTaskWindow
 0001:00039DD0       CheckUndock
 0001:0000B204       CheckWin32Version
 0002:00000328       CInvalidCustomVariantType
 0002:00000D40       cItemAutoFlagToBoolean
 0002:00000D38       cItemAutoFlagToMenu
 0001:0001CF58       Classes
 0001:000158EC       ClassNotFound
 0002:00002814       ClearAnyProc
 0001:0001E624       ClearColor
 0001:0005D08C       ClearExcepInfo
 0001:000128B4       ClearVariantTypeList
 0001:000056AC       ClientToScreen
 0001:000439B4       ClientToWindow
 0002:00000758       ClipboardFormats
 0001:0002C2EC       Clipbrd
 0001:000056B4       CloseClipboard
 0001:000051E4       CloseHandle
 0002:00002980       CloseThemeData
 0002:00002040       CmdLine
 0002:0000203C       CmdShow
 0002:00000D34       cMenuAutoFlagToItem
 0001:0000CB7C       CmpUnimplemented
 0002:00000F40       CoAddRefServerProcess
 0002:00000F38       CoCreateInstanceEx
 0002:00000F50       CoInitFlags
 0001:00013768       CoInitialize
 0002:00000F3C       CoInitializeEx
 0002:000004D8       Colors
 0001:0001EB8C       ColorToIdent
 0002:000008C4       ColorToPretyName
 0001:0001EB7C       ColorToRGB
 0002:00002C10       ComClassManagerVar
 0001:0005C53C       ComConst
 0002:00002B18       ComCtlVersion
 0001:0002D79C       ComCtrls
 0002:00002BDC       CommandPool
 0001:0002639C       CommCtrl
 0001:00028C54       CommDlg
 0001:000006C8       Commit
 0002:00002628       committedRoot
 0001:0005D354       ComObj
 0001:0004AC88       CompareFront
 0001:00006E94       CompareMem
 0001:00006E64       CompareStr
 0001:000051EC       CompareString
 0001:00006EB4       CompareText
 0001:00007504       CompareWith
 0001:00019760       ComponentCreated
 0001:0002101C       ComputeAldusChecksum
 0001:0002C2A8       ComStrs
 0001:0001D2C4       Consts
 0001:000262A8       Contnrs
 0002:00002B4E       ControlAtom
 0002:00002B54       ControlAtomString
 0001:00056E7C       ControlHasHelp
 0001:00047068       Controls
 0002:000003F8       Convert
 0002:00000408       Convert
 0001:0000A730       ConvertAddr
 0001:00008D38       ConvertEraString
 0001:00006D44       ConvertErrorFmt
 0001:00008EA0       ConvertYearString
 0001:0000402C       CopyArray
 0001:000233E8       CopyBitmap
 0001:00023AB0       CopyBitmapAsMask
 0001:00005454       CopyEnhMetaFile
 0001:00023A4C       CopyPalette
 0002:00000A9C       Copyright
 0001:0004DD78       CopyToBest
 0002:00000F44       CoReleaseServerProcess
 0002:00000F48       CoResumeClassObjects
 0002:00000F4C       CoSuspendClassObjects
 0001:00013770       CoUninitialize
 0001:0000B44C       CountChars
 0002:000028C4       CounterLock
 0002:0000032C       CRangeToType
 0001:0000AC60       CreateAssertException
 0001:0000ADE8       CreateAVObject
 0001:0000545C       CreateBitmap
 0001:00005464       CreateBrushIndirect
 0001:0000546C       CreateCompatibleBitmap
 0001:00005474       CreateCompatibleDC
 0001:000197E0       CreateComponent
 0001:00005484       CreateDIBitmap
 0001:0000547C       CreateDIBSection
 0001:000051F4       CreateEvent
 0001:000051FC       CreateFile
 0001:0000548C       CreateFontIndirect
 0001:00005494       CreateHalftonePalette
 0001:000056BC       CreateIcon
 0001:0000AB8C       CreateInOutError
 0001:000056C4       CreateMenu
 0001:0002A83C       CreateMessageDialog
 0001:0005E394       CreateNetResourceList
 0001:0000549C       CreatePalette
 0001:000054A4       CreatePenIndirect
 0001:00005204       CreatePipe
 0001:000056CC       CreatePopupMenu
 0001:0000520C       CreateProcess
 0001:000054AC       CreateSolidBrush
 0001:0005E228       CreateStatusWindow
 0001:00020814       CreateSystemPalette
 0001:00005214       CreateThread
 0001:00005C8C       CreateWindow
 0001:00005C34       CreateWindowEx
 0002:00000BD8       CreationControl
 0002:000007B4       CreationControl
 0002:00000394       CRelationshipToBoolean
 0002:00000310       CResult
 0002:00000BC4       CSHREDRAW
 0002:00000138       cSimpleBoolStrs
 0002:00000340       CText
 0002:00000CD4       Ctl3DStyles
 0002:00002620       curAlloc
 0002:0000268C       CurrencyDecimals
 0002:00002688       CurrencyFormat
 0002:00002684       CurrencyString
 0001:00008BD0       CurrentYear
 0001:0000872C       CurrToStr
 0001:00011128       CurrToWStrViaOS
 0002:00000EB4       CursorMap
 0002:00000BE8       Cursors
 0001:000389BC       CursorToIdent
 0002:00000EA4       cUseAlpha
 0002:00000EAC       cUseColorKey
 0001:00007258       CvtInt
 0001:000072C4       CvtInt64
 0002:00000178       CWNear
 0002:00000BCC       Data
 0002:0000268D       DateSeparator
 0001:000097E8       DateTimeToStr
 0001:0000975C       DateTimeToString
 0001:00008828       DateTimeToTimeStamp
 0001:000097B8       DateToStr
 0001:00011160       DateToWStrViaOS
 0001:00008BA8       DayOfWeek
 0002:00000174       DCon10
 0002:000004D4       DDBsOnly
 0001:0001CE80       DeallocateHWnd
 0002:00000028       DebugHook
 0002:0000268B       DecimalSeparator
 0001:00008B88       DecodeDate
 0001:00008A3C       DecodeDateFully
 0001:000088DC       DecodeTime
 0001:0000075C       Decommit
 0001:00000D78       DecommitFree
 0002:000025FC       decommittedRoot
 0001:00054B04       Default
 0001:0005A1D4       Default
 0002:00000020       Default8087CW
 0002:00000BDC       DefaultDockTreeClass
 0002:000025C0       DefaultUserCodePage
 0002:00000728       DefBrushData
 0002:000004A8       DefFontData
 0001:000056D4       DefFrameProc
 0002:00000204       DefLongDayNames
 0002:000001B8       DefLongMonthNames
 0001:000056DC       DefMDIChildProc
 0002:00000708       DefPenData
 0002:000001E8       DefShortDayNames
 0002:00000188       DefShortMonthNames
 0001:000056E4       DefWindowProc
 0001:00004278       DelayLoadResourceModule
 0001:00000418       DeleteBlock
 0001:0000521C       DeleteCriticalSection
 0001:00000388       DeleteCriticalSection
 0001:000054B4       DeleteDC
 0001:000054BC       DeleteEnhMetaFile
 0001:00000BC0       DeleteFree
 0001:000056EC       DeleteMenu
 0001:000054C4       DeleteObject
 0001:00022FA4       DeselectBitmap
 0001:000056F4       DestroyCursor
 0001:000056FC       DestroyIcon
 0001:0002C37C       DestroyLocals
 0001:00005704       DestroyMenu
 0001:0000570C       DestroyWindow
 0001:00035F30       DialogEnumerationTester
 0001:000294E8       DialogHook
 0001:0002B08C       Dialogs
 0002:00000764       DIBPalSizes
 0002:0000008C       dig
 0001:00051F44       DisableTaskWindows
 0001:0005CAA0       DispatchInvoke
 0001:0005D080       DispatchInvokeError
 0001:00005714       DispatchMessage
 0001:0005815C       DispatchShortCut
 0001:0005D09C       DispCall
 0001:0005D180       DispCallByID
 0002:00002000       DispCallByIDProc
 0001:0005CFAC       DispCallError
 0001:00006D28       DivMod
 0001:00028C8C       Dlgs
 0001:00059460       DoAlign
 0001:0003E5E0       DoAlign
 0001:00042694       DoCalcConstraints
 0002:00002B84       DockSiteList
 0001:0004E998       DoClick
 0001:0003FD24       DoControlMsg
 0001:00051EF4       DoDisableWindow
 0001:000396FC       DoDragOver
 0001:00006D88       DoExitProc
 0001:000446A0       DoFindControlZone
 0001:00052030       DoFindWindow
 0001:00044C2C       DoFindZone
 0001:00044724       DoForEach
 0001:00046030       DoGetNextLimit
 0001:00051EBC       DoneApplication
 0001:00046D90       DoneControls
 0001:0000B114       DoneExceptions
 0001:000564D8       DoNestedActivation
 0001:0001BAA0       DoneThreadSynchronization
 0001:000592B0       DoPosition
 0001:0003E1A0       DoPosition
 0001:00045658       DoPrune
 0001:00045B30       DoSaveZone
 0001:00045D34       DoSetNewBounds
 0002:000003B0       DotSep
 0001:000492E8       DoWrite
 0001:00016CB4       DoWrite
 0001:000220C0       DoWrite
 0001:000214A4       DoWrite
 0001:0003F30C       DoWriteDesignSize
 0001:0003CD78       DoWriteIsControl
 0002:00002B68       DragCapture
 0002:00002B5C       DragControl
 0001:00039E44       DragDone
 0001:000396AC       DragFindTarget
 0001:00039680       DragFindWindow
 0002:00002B80       DragImageList
 0001:00039A9C       DragInit
 0001:00039C0C       DragInitControl
 0002:00002B64       DragInternalObject
 0001:000395C8       DragMessage
 0002:00002B60       DragObject
 0002:00002B8C       DragSave
 0002:00002B74       DragSaveCursor
 0002:00002B6C       DragStartPos
 0002:00002B78       DragThreshold
 0001:000397CC       DragTo
 0001:0005A210       DrawAppIcon
 0001:000451C4       DrawCloseButton
 0001:0000571C       DrawEdge
 0001:00005724       DrawFocusRect
 0001:0000572C       DrawFrameControl
 0001:0004521C       DrawGrabberLine
 0001:00005734       DrawIcon
 0001:0000573C       DrawIconEx
 0002:00000D10       DrawingStyles
 0001:00005744       DrawMenuBar
 0001:0004FCD8       DrawMenuItem
 0001:0000574C       DrawText
 0002:00002984       DrawThemeBackground
 0002:000029A8       DrawThemeEdge
 0002:000029AC       DrawThemeIcon
 0002:00002A30       DrawThemeParentBackground
 0002:00002988       DrawThemeText
 0001:0005D69C       DSiCloseHandleAndNull
 0001:0005D6B4       DSiExecute
 0001:0005D8FC       DSiExecuteAndCapture
 0001:0005DC00       DSiFreeMemAndNil
 0001:0005DD24       DSiGetProcAddress
 0001:0005DCBC       DSiLoadLibrary
 0001:0005DC14       DSiTimeGetTime64
 0001:0005DD44       DSiUnloadLibrary
 0001:0005DE6C       DSiWin32
 0002:00000F68       DSiWinVerKeys
 0001:000202E4       DupBits
 0001:0005F160       Duyuru
 0001:0005DD94       DynaLoadAPIs
 0001:00004044       DynArrayClear
 0001:0000404C       DynArraySetLength
 0002:00000DFC       EdgeStyle
 0002:00000CC4       EdgeStyles
 0001:0000AB60       EHeapException.FreeInstance
 0002:00000B44       Empty
 0001:00005754       EmptyClipboard
 0002:00002800       EmptyParam
 0002:000000BC       EmptyStr
 0002:000000C0       EmptyWideStr
 0001:0000575C       EnableMenuItem
 0002:00000D94       Enables
 0001:00005764       EnableScrollBar
 0001:00051FF8       EnableTaskWindows
 0002:00002A18       EnableThemeDialogTexture
 0002:00002A34       EnableTheming
 0001:0000576C       EnableWindow
 0001:00015F08       EndGlobalLoading
 0001:00005774       EndPaint
 0001:00000378       EnterCriticalSection
 0001:00005224       EnterCriticalSection
 0001:0000522C       EnumCalendarInfoA
 0002:00002918       EnumDisplayMonitors
 0001:0000A3A4       EnumEraNames
 0001:0000A3E0       EnumEraYearOffsets
 0001:000550C8       EnumMonitorsProc
 0001:0000577C       EnumThreadWindows
 0001:00018F90       EnumValue
 0001:00005784       EnumWindows
 0001:0005C7D0       EOleException.Create
 0001:0005C700       EOleSysError.Create
 0001:0000578C       EqualRect
 0002:00002754       EraNames
 0001:00009A60       EraToYear
 0002:00002770       EraYearOffsets
 0002:00000064       errCaption
 0001:0004A9D8       Error
 0001:00015490       Error
 0001:00018774       Error
 0001:00001838       Error
 0002:00000004       ErrorAddr
 0001:000017EC       ErrorAt
 0001:0000AC0C       ErrorHandler
 0002:00000220       ErrorMap
 0002:00002008       ErrorProc
 0002:000023E8       ErrOutput
 0001:0000178C       ExceptAddr
 0002:0000200C       ExceptClsProc
 0001:0000B080       ExceptHandler
 0001:0000A98C       Exception.Create
 0001:0000A9C8       Exception.CreateFmt
 0001:0000AB18       Exception.CreateHelp
 0001:0000AA48       Exception.CreateRes
 0001:0000AA84       Exception.CreateResFmt
 0002:0000201C       ExceptionClass
 0001:0000A73C       ExceptionErrorMessage
 0002:00000258       ExceptMap
 0001:0000176C       ExceptObject
 0002:00002010       ExceptObjProc
 0002:00002004       ExceptProc
 0001:000054CC       ExcludeClipRect
 0002:00000000       ExitCode
 0001:00002D4C       ExitDll
 0002:00002048       ExitProc
 0001:00000234       ExitProcess
 0002:00002028       ExitProcessProc
 0002:00000134       ExitProcList
 0001:00007844       ExpandFileName
 0001:0005E2B8       Explode
 0001:000297C0       ExplorerHook
 0001:0002D5E4       ExtActns
 0001:0002C248       ExtCtrls
 0001:0002C4A4       ExtDlgs
 0002:00000BA4       ExtendSelects
 0001:000077FC       ExtractFileExt
 0001:00029E38       ExtractFileName
 0001:000077C4       ExtractFileName
 0001:00029E80       ExtractFileNames
 0002:00002790       FalseBoolStrs
 0002:00002AB4       FClipboard
 0002:00000168       FCon1E18
 0001:0000773C       FileClose
 0001:00007680       FileCreate
 0001:000076A4       FileCreate
 0001:0005C4E4       FileCtrl
 0002:0000075C       FileFormats
 0002:00000008       FileMode
 0001:00007628       FileOpen
 0001:000076AC       FileRead
 0002:000003EC       FilerSignature
 0001:00007704       FileSeek
 0001:000076D8       FileWrite
 0001:00000CA8       FillAfterGap
 0001:00000C54       FillBeforeGap
 0001:00000D40       FillerSizeAfterGap
 0001:00000CD0       FillerSizeBeforeGap
 0001:00005794       FillRect
 0001:00035524       Finalization
 0001:00027EB8       Finalization
 0001:00013794       Finalization
 0001:00028AC8       Finalization
 0001:00028B00       Finalization
 0001:0002E164       Finalization
 0001:00028B70       Finalization
 0001:00028B38       Finalization
 0001:000353BC       Finalization
 0001:00028A90       Finalization
 0001:0004FFB4       Finalization
 0001:00028A58       Finalization
 0001:000289E8       Finalization
 0001:000136DC       Finalization
 0001:00025DE0       Finalization
 0001:00049A38       Finalization
 0001:00025FC0       Finalization
 0001:00026B2C       Finalization
 0001:00005050       Finalization
 0001:0002D5EC       Finalization
 0001:0002D594       Finalization
 0001:00026278       Finalization
 0001:0000D2D0       Finalization
 0001:0002D53C       Finalization
 0001:0002D4D8       Finalization
 0001:0002D470       Finalization
 0001:000050C8       Finalization
 0001:00028064       Finalization
 0001:0005C414       Finalization
 0001:0005C4B4       Finalization
 0001:0005C50C       Finalization
 0001:0002C474       Finalization
 0001:0002C414       Finalization
 0001:0001CEA8       Finalization
 0001:0002C344       Finalization
 0001:0002C2B0       Finalization
 0001:0000C914       Finalization
 0001:0001D294       Finalization
 0001:0005D3FC       Finalization
 0001:0002C278       Finalization
 0001:000361A8       Finalization
 0001:00048330       Finalization
 0001:0002636C       Finalization
 0001:0005DDE8       Finalization
 0001:0002C200       Finalization
 0001:00027B94       Finalization
 0001:0002B030       Finalization
 0001:00006144       Finalization
 0001:0005D2D4       Finalization
 0001:00005E14       Finalization
 0001:00005DDC       Finalization
 0001:00004E20       Finalization
 0001:00028BDC       Finalization
 0001:00027B5C       Finalization
 0001:00047000       Finalization
 0001:00027B14       Finalization
 0001:00012F14       Finalization
 0001:00012D00       Finalization
 0001:00028C24       Finalization
 0001:00026AEC       Finalization
 0001:00028C5C       Finalization
 0001:0002D724       Finalization
 0001:0005EEF0       Finalization
 0001:0005EF28       Finalization
 0001:0005D3AC       Finalization
 0001:0000403C       FinalizeArray
 0001:00002B80       FinalizeUnits
 0001:0004E758       Find
 0001:000042E8       FindBS
 0001:000159AC       FindClass
 0001:00004270       FindClassHInstance
 0001:00000244       FindClose
 0001:00000C24       FindCommitted
 0001:0003879C       FindControl
 0001:00044E58       FindControlAtPos
 0001:00012B58       FindCustomVariantType
 0001:00012C10       FindCustomVariantType
 0001:0003A168       FindDragTarget
 0001:00019990       FindExistingComponent
 0001:0000024C       FindFirstFile
 0001:00015D98       FindGlobalComponent
 0001:0005213C       FindGlobalComponent
 0002:00002864       FindGlobalComponentProcs
 0001:00004248       FindHInstance
 0001:00015C40       FindIdentToInt
 0002:00002A74       FindMsg
 0001:00018B20       FindNestedComponent
 0001:0004A9A0       FindPopupControl
 0001:0000CF98       FindProc
 0001:00005234       FindResource
 0001:000042C0       FindResourceHInstance
 0001:0005BC68       FindScanline
 0001:00034F70       FindString
 0001:00052094       FindTopMostWindow
 0001:0001A874       FindUniqueName
 0001:0003A134       FindVCLWindow
 0001:0000579C       FindWindow
 0001:00035F88       FindWinHelp
 0001:0002339C       FixupBitFields
 0002:00000E0C       Flags
 0002:000027A0       FLanguages
 0001:00027EE8       FlatSB
 0002:00002944       FlatSB_EnableScrollBar
 0002:00002950       FlatSB_GetScrollInfo
 0002:00002954       FlatSB_GetScrollPos
 0002:0000294C       FlatSB_GetScrollRange
 0002:0000295C       FlatSB_SetScrollInfo
 0002:00002958       FlatSB_SetScrollPos
 0001:00027BD8       FlatSB_SetScrollProp
 0002:00002960       FlatSB_SetScrollRange
 0002:00002948       FlatSB_ShowScrollBar
 0001:000083BC       FloatToDecimal
 0001:000086FC       FloatToStr
 0001:000080E8       FloatToText
 0001:00001A48       Flush
 0002:0000017C       FMSecsPerDay
 0001:00007FE4       FmtStr
 0002:00000E28       FocusCount
 0002:00000E24       FocusMessages
 0002:00000678       FontCharsets
 0002:000028DC       FontManager
 0002:000007B0       ForceCurrentDirectory
 0001:00052110       ForegroundTask
 0002:00002C54       Form1
 0002:00000184       Format
 0001:00007FD0       Format
 0001:00007BD8       FormatBuf
 0001:00007BCC       FormatClearStr
 0001:00007B50       FormatError
 0002:00000160       FormatErrorStrs
 0001:0000523C       FormatMessage
 0001:00007BA8       FormatVarToStr
 0001:0005C470       Forms
 0001:00001CF4       FPower10
 0002:000007AC       FPrinter
 0001:000057A4       FrameRect
 0001:0000C4F4       FreeAndNil
 0001:00000990       FreeCommitted
 0001:00000EB0       FreeCurAlloc
 0001:0003A228       FreeDeviceContext
 0001:0003A2E4       FreeDeviceContexts
 0001:0001CC74       FreeIntConstList
 0001:00000254       FreeLibrary
 0001:00005244       FreeLibrary
 0001:00022EF8       FreeMemoryContexts
 0001:0001CDA8       FreeObjectInstance
 0001:00005254       FreeResource
 0001:00000610       FreeSpace
 0001:0000C060       FreeTerminateProcs
 0001:0002809C       FreeThemeLibrary
 0002:00002B14       FRichEditModule
 0002:00002C48       GCF_HTML
 0001:000202D4       GDICheck
 0001:0002022C       GDIError
 0002:00002C40       GDSiWndHandlerCount
 0002:00002C28       GDSiWndHandlerCritSect
 0001:000019AC       Get8087CW
 0001:0000525C       GetACP
 0001:000057AC       GetActiveWindow
 0001:0005993C       GetAnimation
 0001:0002A198       GetAveCharSize
 0001:000054D4       GetBitmapBits
 0001:00000390       GetBlockDesc
 0001:000054DC       GetBrushOrgEx
 0001:000057B4       GetCapture
 0001:00038A64       GetCaptureControl
 0001:00015958       GetClass
 0001:000057BC       GetClassInfo
 0001:000057C4       GetClassName
 0001:000057CC       GetClientRect
 0001:000057D4       GetClipboardData
 0001:00021C6C       GetClipboardFormats
 0001:000054E4       GetClipBox
 0001:0000032C       GetCmdShow
 0001:00048500       GetColor
 0001:0002D6C4       GetComCtlVersion
 0001:0000025C       GetCommandLine
 0001:000007DC       GetCommitted
 0001:0000086C       GetCommittedAt
 0001:0003F8D8       GetControlAtPos
 0001:00008C94       GetCount
 0001:00005264       GetCPInfo
 0001:00000264       GetCurrentDirectory
 0001:000054EC       GetCurrentPositionEx
 0001:0000526C       GetCurrentProcessId
 0002:00002A28       GetCurrentThemeName
 0001:00005274       GetCurrentThreadId
 0001:0000031C       GetCurrentThreadId
 0001:00005B98       GetCurrentTime
 0001:000057DC       GetCursor
 0001:0005BC78       GetCursorHeightMargin
 0001:000057E4       GetCursorPos
 0001:00008CC0       GetDate
 0001:0000527C       GetDateFormat
 0001:00009978       GetDateOrder
 0001:000057EC       GetDC
 0001:000057F4       GetDCEx
 0001:000054F4       GetDCOrgEx
 0001:000259F0       GetDefFontCharSet
 0001:000057FC       GetDesktopWindow
 0001:0000550C       GetDeviceCaps
 0001:00021234       GetDIB
 0001:000054FC       GetDIBColorTable
 0001:00005504       GetDIBits
 0001:0002117C       GetDIBSizes
 0001:00020444       GetDInColors
 0001:00005284       GetDiskFreeSpaceA
 0002:00000130       GetDiskFreeSpaceEx
 0001:00005804       GetDlgItem
 0001:00046110       GetDockAlign
 0001:0003940C       GetDockSiteAtPos
 0001:00039738       GetDropCtl
 0001:00002374       GetDynaMethod
 0001:00005514       GetEnhMetaFileBits
 0001:0000551C       GetEnhMetaFileHeader
 0001:00005524       GetEnhMetaFilePaletteEntries
 0001:00012F84       GetEnumNameValue
 0001:00012FD0       GetEnumValue
 0001:0000A458       GetEraNamesAndYearOffsets
 0001:00009A0C       GetEraYearOffset
 0001:00013780       GetErrorInfo
 0001:0000ADD0       GetExceptionClass
 0001:0000AFB4       GetExceptionObject
 0001:0000528C       GetExitCodeProcess
 0001:000158E0       GetFieldClassTable
 0001:00021C4C       GetFileFormats
 0001:0000B224       GetFileVersion
 0001:00005434       GetFileVersionInfo
 0001:0000543C       GetFileVersionInfoSize
 0001:0000580C       GetFocus
 0001:0001EDB4       GetFontData
 0001:00005814       GetForegroundWindow
 0001:0000BAE4       GetFormatSettings
 0001:00005294       GetFullPathName
 0001:0001E320       GetHashCode
 0001:00056EB4       GetHelpInfo
 0001:00026FAC       GetHelpSystem
 0001:00059720       GetHint
 0001:00059758       GetHintControl
 0001:0004FE54       GetHotkey
 0001:0000581C       GetIconInfo
 0001:0005CE18       GetIDsOfNames
 0001:00005834       GetKeyboardLayout
 0001:0000583C       GetKeyboardLayoutList
 0001:00005844       GetKeyboardState
 0001:00001FE0       GetKeyboardType
 0001:00005824       GetKeyNameText
 0001:0000582C       GetKeyState
 0001:0000584C       GetLastActivePopup
 0001:000443D8       GetLastChildZone
 0001:0000529C       GetLastError
 0001:0000A21C       GetLocaleChar
 0001:000052AC       GetLocaleInfo
 0001:0000026C       GetLocaleInfo
 0001:0000A1D0       GetLocaleStr
 0001:000052A4       GetLocalTime
 0001:00038A20       GetLongHint
 0001:00005854       GetMenu
 0001:00056E3C       GetMenuHelpContext
 0001:0000585C       GetMenuItemCount
 0001:00005864       GetMenuItemID
 0001:0000586C       GetMenuItemInfo
 0001:0004CFA4       GetMenuSize
 0001:00005874       GetMenuState
 0001:0000587C       GetMenuString
 0001:000052B4       GetModuleFileName
 0001:00000274       GetModuleFileName
 0001:00004F48       GetModuleHandle
 0001:0000027C       GetModuleHandle
 0001:000052BC       GetModuleHandle
 0002:0000290C       GetMonitorInfo
 0002:00002910       GetMonitorInfoA
 0002:00002914       GetMonitorInfoW
 0001:0000A280       GetMonthDayNames
 0001:00005884       GetNextWindow
 0001:0000552C       GetObject
 0001:00028C14       GetOpenFileName
 0001:000130A4       GetOrdProp
 0001:00005534       GetPaletteEntries
 0001:0000588C       GetParent
 0001:00052308       GetParentForm
 0001:0000553C       GetPixel
 0001:000052C4       GetPrivateProfileString
 0001:000052CC       GetProcAddress
 0001:00000284       GetProcAddress
 0001:00005894       GetProp
 0001:00013034       GetPropInfo
 0001:000527C8       GetRealScrollPosition
 0001:000484E0       GetRGBColor
 0001:00028C1C       GetSaveFileName
 0001:0000589C       GetScrollInfo
 0001:000058A4       GetScrollPos
 0001:000058AC       GetScrollRange
 0001:000389DC       GetShortHint
 0001:00000534       GetSpace
 0001:00000598       GetSpaceAt
 0001:0004AA30       GetSpecialName
 0001:0000028C       GetStartupInfo
 0001:00000204       GetStdHandle
 0001:000052D4       GetStdHandle
 0001:00005544       GetStockObject
 0001:000052DC       GetStringTypeEx
 0001:000058B4       GetSubMenu
 0001:000058BC       GetSysColor
 0001:000058C4       GetSysColorBrush
 0001:000052E4       GetSystemInfo
 0001:000058CC       GetSystemMenu
 0002:000028FC       GetSystemMetrics
 0001:000058D4       GetSystemMetrics
 0001:0000554C       GetSystemPaletteEntries
 0001:0000555C       GetTextExtentPoint
 0001:00005554       GetTextExtentPoint32
 0001:00005564       GetTextMetrics
 0002:00002A20       GetThemeAppProperties
 0002:0000298C       GetThemeBackgroundContentRect
 0002:00002990       GetThemeBackgroundExtent
 0002:000029A0       GetThemeBackgroundRegion
 0002:000029C4       GetThemeBool
 0002:000029B8       GetThemeColor
 0002:00002A2C       GetThemeDocumentationProperty
 0002:000029CC       GetThemeEnumValue
 0002:000029EC       GetThemeFilename
 0002:000029D4       GetThemeFont
 0002:000029C8       GetThemeInt
 0002:000029E0       GetThemeIntList
 0002:000029DC       GetThemeMargins
 0002:000029BC       GetThemeMetric
 0002:00002994       GetThemePartSize
 0002:000029D0       GetThemePosition
 0002:000029E4       GetThemePropertyOrigin
 0002:000029D8       GetThemeRect
 0002:000029C0       GetThemeString
 0002:000029F8       GetThemeSysBool
 0002:000029F0       GetThemeSysColor
 0002:000029F4       GetThemeSysColorBrush
 0002:00002A00       GetThemeSysFont
 0002:00002A08       GetThemeSysInt
 0002:000029FC       GetThemeSysSize
 0002:00002A04       GetThemeSysString
 0002:00002998       GetThemeTextExtent
 0002:0000299C       GetThemeTextMetrics
 0001:00000294       GetThreadLocale
 0001:000052EC       GetThreadLocale
 0001:000052F4       GetTickCount
 0001:00008CF8       GetTime
 0001:00004F74       GetTlsSize
 0001:00059EEC       GetTopMostWindows
 0001:00038B6C       GetTopParent
 0001:000058DC       GetTopWindow
 0001:00012F78       GetTypeData
 0001:00000324       GetVersion
 0001:000052FC       GetVersion
 0001:00005304       GetVersionEx
 0001:000058E4       GetWindow
 0001:000058EC       GetWindowDC
 0001:000058F4       GetWindowLong
 0001:00005574       GetWindowOrgEx
 0001:000058FC       GetWindowPlacement
 0001:00005904       GetWindowRect
 0001:0000590C       GetWindowText
 0002:00002A14       GetWindowTheme
 0001:0000591C       GetWindowThreadProcessId
 0001:00005914       GetWindowThreadProcessId
 0001:0000556C       GetWinMetaFileBits
 0002:00000FC0       GInterlockedCompareExchange64
 0001:0005DC9C       GLibraryList
 0001:0000530C       GlobalAddAtom
 0001:00005314       GlobalAlloc
 0001:00005BA4       GlobalAllocPtr
 0001:0000531C       GlobalDeleteAtom
 0001:00005324       GlobalFindAtom
 0002:00002868       GlobalFixupList
 0001:00018C68       GlobalFixupReferences
 0001:0000532C       GlobalFree
 0001:00005BD0       GlobalFreePtr
 0001:0000533C       GlobalHandle
 0001:00005334       GlobalLock
 0002:0000284C       GlobalNameSpace
 0001:00005344       GlobalReAlloc
 0001:00005BB4       GlobalReAllocPtr
 0001:0000534C       GlobalUnlock
 0002:00002C4C       GPerformanceFrequency
 0001:00025EB4       Graphics
 0001:00015AD4       GroupDescendentsWith
 0002:00002C44       GTerminateBackgroundTasks
 0002:000003B4       GUID_NULL
 0001:0000DDB0       HandleConversionException
 0001:000570BC       HandleEdge
 0001:0001A0CC       HandleException
 0002:00000024       HeapAllocFlags
 0002:000025C8       heapErrorCode
 0002:000025CC       heapLock
 0001:00027B54       HelpIntfs
 0002:00002938       HelpManager
 0002:00002A70       HelpMsg
 0002:00002B38       HelpViewer
 0002:00002B3C       HelpViewerIntf
 0002:0000012C       HexDisplayPrefix
 0001:0001BA14       HexToBin
 0002:00000B34       HideSelections
 0001:0004618C       HideZone
 0002:00002668       HInstance
 0002:00002BF4       HintDoneEvent
 0001:00059828       HintGetMsgHook
 0002:00002BF8       HintHook
 0001:000597CC       HintMouseThread
 0002:00002BFC       HintThread
 0002:00002BF0       HintThreadID
 0001:00059778       HintTimerProc
 0002:00000E1C       HintWindowClass
 0002:000029A4       HitTestThemeBackground
 0001:0005986C       HookHintHooks
 0001:00005CE4       HwndMSWheel
 0002:00000DB0       IBreaks
 0002:00000DBC       IChecks
 0002:0000082C       IconIDs
 0002:00000DC4       IDefaults
 0001:0001EDA4       IdentToCharset
 0001:0001EB9C       IdentToColor
 0001:000389CC       IdentToCursor
 0001:00015CBC       IdentToInt
 0002:00000DCC       IEnables
 0001:0004DD48       IfHotkeyAvailable
 0002:00002BCC       ImageListWriteExProc
 0001:000262C8       ImageList_Add
 0001:000262E8       ImageList_AddIcon
 0001:0002630C       ImageList_BeginDrag
 0001:000262B0       ImageList_Create
 0001:000262B8       ImageList_Destroy
 0001:0002631C       ImageList_DragEnter
 0001:00026324       ImageList_DragLeave
 0001:0002632C       ImageList_DragMove
 0001:0002633C       ImageList_DragShowNolock
 0001:000262F4       ImageList_Draw
 0001:000262FC       ImageList_DrawEx
 0001:00026314       ImageList_EndDrag
 0001:000262E0       ImageList_GetBkColor
 0001:00026344       ImageList_GetDragImage
 0001:0002635C       ImageList_GetIconSize
 0001:000262C0       ImageList_GetImageCount
 0001:0002634C       ImageList_Read
 0001:00026304       ImageList_Remove
 0001:000262D0       ImageList_ReplaceIcon
 0001:000262D8       ImageList_SetBkColor
 0001:00026334       ImageList_SetDragCursorImage
 0001:00026364       ImageList_SetIconSize
 0001:00026354       ImageList_Write
 0002:00000D20       Images
 0001:00049A68       ImgList
 0001:00026B5C       Imm
 0002:00000D04       IMM32DLL
 0001:00046D7C       Imm32IsIME
 0002:00000180       IMSecsPerDay
 0001:0000DE9C       InBounds
 0001:0000E13C       InBounds
 0001:0000DECC       Increment
 0001:0000E16C       Increment
 0001:00005924       InflateRect
 0001:0002D4B8       IniFiles
 0001:00000A1C       InitAllocator
 0001:000263A4       InitAnApi
 0002:00002924       InitApis
 0001:0005D25C       InitComObj
 0001:00015F64       InitComponent
 0002:00002638       InitContext
 0001:00046E18       InitControls
 0001:00025A34       InitDefFontData
 0001:0000C080       InitDriveSpacePtr
 0001:0000B090       InitExceptions
 0001:00027C34       InitFlatSB
 0001:0002AEDC       InitGlobals
 0001:00021034       InitializeBitmapInfoHeader
 0001:00005354       InitializeCriticalSection
 0001:00000370       InitializeCriticalSection
 0002:000025C4       initialized
 0001:00027C0C       InitializeFlatSB
 0001:00005000       InitializeModule
 0001:0000CFC4       InitializeVarUtils
 0001:00046A1C       InitIMM32
 0001:0001600C       InitInheritedComponent
 0001:0000B8F8       InitLeadBytes
 0001:00026A80       InitMultiMonStubs
 0001:0000B194       InitPlatformId
 0002:00002044       InitProc
 0001:0005C388       InitProcs
 0001:000259B8       InitScreenLogPixels
 0001:0000B970       InitSysLocale
 0001:0002825C       InitThemeLibrary
 0001:0001BA6C       InitThreadSynchronization
 0001:00004F7C       InitThreadTLS
 0001:00002BE0       InitUnits
 0001:000386B0       InitWndProc
 0002:00000CA4       InnerStyles
 0002:00002050       Input
 0001:0003E114       InsertBefore
 0001:00059250       InsertBefore
 0001:00000E28       InsertFree
 0001:0004DDFC       InsertHotkeyFarEastFormat
 0001:0000592C       InsertMenu
 0001:00005934       InsertMenuItem
 0002:00002884       InstBlockList
 0002:00002888       InstFreeList
 0002:0000285C       IntConstList
 0002:00000BAC       IntegralHeights
 0001:0000C0E8       InterlockedDecrement
 0001:00000314       InterlockedDecrement
 0001:0000C0F4       InterlockedExchange
 0001:0000524C       InterlockedExchange
 0001:0000C0FC       InterlockedExchangeAdd
 0001:0000C0DC       InterlockedIncrement
 0001:0000030C       InterlockedIncrement
 0001:0001E2AC       InternalDeletePalette
 0001:00001A00       InternalFlush
 0001:00000C84       InternalFreeMem
 0001:00021184       InternalGetDIB
 0001:00021118       InternalGetDIBSizes
 0001:00015DFC       InternalReadComponentRes
 0002:00002B20       InternalServices
 0001:000033C4       InternalUniqueString
 0001:0000557C       IntersectClipRect
 0001:0000593C       IntersectRect
 0001:000073B8       IntToHex
 0001:00015CFC       IntToIdent
 0001:000072A4       IntToStr
 0001:00007390       IntToStr
 0001:00005944       InvalidateRect
 0001:000201B4       InvalidBitmap
 0001:0002019C       InvalidGraphic
 0001:000201C0       InvalidIcon
 0001:000201CC       InvalidMetafile
 0001:00020184       InvalidOperation
 0001:00014E68       InvalidPoint
 0002:0000279C       InvalidPointer
 0001:0000222C       InvokeImplGetter
 0001:00001930       IOResult
 0002:00000DEC       IOwnerDraw
 0002:00000DD4       IRadios
 0002:00000DE4       IRTL
 0001:00052298       IsAccel
 0001:0004EFAC       IsAccelChar
 0002:00002A10       IsAppThemed
 0001:000391C4       IsBeforeTargetWindow
 0001:0000594C       IsChild
 0002:0000204C       IsConsole
 0001:0000B674       IsDelimiter
 0001:00039620       IsDelphiHandle
 0001:00005954       IsDialogMessage
 0002:00000DDC       ISeparators
 0001:0000595C       IsIconic
 0001:0004F008       IsInitialChar
 0001:00008938       IsLeapYear
 0002:00002038       IsLibrary
 0002:0000204D       IsMultiThread
 0001:00043E3C       IsOrientationSet
 0001:0000B640       IsPathDelimiter
 0001:00005964       IsRectEmpty
 0001:000393C8       IsSiteChildOfClient
 0002:00002A0C       IsThemeActive
 0002:000029B4       IsThemeBackgroundPartiallyTransparent
 0002:00002A1C       IsThemeDialogTextureEnabled
 0002:000029B0       IsThemePartDefined
 0001:00015DD8       IsUniqueGlobalComponentName
 0002:00002850       IsUniqueGlobalComponentNameProc
 0001:000071F4       IsValidIdent
 0001:0000B958       IsWesternGroup
 0001:0000596C       IsWindow
 0001:00005974       IsWindowEnabled
 0001:0000597C       IsWindowVisible
 0001:00005984       IsZoomed
 0001:0004ADFC       Iterate
 0001:0004AE5C       IterateMenus
 0002:0000002C       JITEnable
 0001:0005224C       KeyboardStateToShiftState
 0001:00052210       KeyDataToShiftState
 0001:000521BC       KeysToShiftState
 0001:0000598C       KillTimer
 0001:00007774       LastDelimiter
 0001:0000B884       LCIDToCodePage
 0001:00004DAC       LCIDToCodePage
 0002:0000010C       LeadBytes
 0001:00000380       LeaveCriticalSection
 0001:0000535C       LeaveCriticalSection
 0002:00000034       LibModuleList
 0001:00005584       LineTo
 0001:0002D61C       ListActns
 0001:0003A1B0       ListAdd
 0001:0003A1D8       ListRemove
 0002:00002752       ListSeparator
 0001:00005994       LoadBitmap
 0001:0005C89C       LoadComExProcs
 0001:0000599C       LoadCursor
 0001:000059A4       LoadIcon
 0001:000059AC       LoadKeyboardLayout
 0001:00005364       LoadLibrary
 0001:0000029C       LoadLibraryEx
 0001:0000536C       LoadResource
 0001:000044B4       LoadResourceModule
 0001:00004D54       LoadResString
 0001:000002A4       LoadString
 0001:000059B4       LoadString
 0001:00004F50       LocalAlloc
 0001:00000350       LocalAlloc
 0001:00000358       LocalFree
 0001:0000A244       LocalGetLocaleStr
 0002:00002A44       Lock
 0001:00005374       LockResource
 0002:00002694       LongDateFormat
 0002:00002728       LongDayNames
 0002:000026DC       LongMonthNames
 0002:000026A8       LongTimeFormat
 0001:00006E28       LowerCase
 0001:00005414       lstrcpy
 0001:000002AC       lstrcpyn
 0002:00002824       LVarTypes
 0002:00002828       LVarTypeSync
 0002:00002030       MainInstance
 0002:00002034       MainThreadID
 0001:000003E0       MakeEmpty
 0001:00002CF0       MakeErrorMessage
 0002:00000CF0       MakeLast
 0001:00005B8C       MakeLong
 0001:00005C24       MakeLParam
 0001:0001CD10       MakeObjectInstance
 0001:00005BE4       MakeROP4
 0001:00005C1C       MakeWParam
 0001:0000AD50       MapException
 0001:0002D58C       Mapi
 0002:00000A78       MAPIDLL
 0002:00000A7C       MAPIModule
 0001:000029F8       MapToRunError
 0001:000059BC       MapVirtualKey
 0001:000059C4       MapWindowPoints
 0002:00000D28       Mask
 0001:0000558C       MaskBlt
 0001:00025FF0       Math
 0001:00025FB8       Max
 0001:00054B50       MaximizedChildren
 0002:0000003C       MemoryManager
 0002:00000D44       MenuKeyCaps
 0001:00050024       Menus
 0001:00000430       MergeBlockAfter
 0001:00000EFC       MergeCommit
 0001:000059CC       MessageBeep
 0001:0000023C       MessageBox
 0001:000059D4       MessageBox
 0001:0002ADE0       MessageDlgPos
 0001:0002AE04       MessageDlgPosHelp
 0001:00005E44       Messages
 0001:00016670       Min
 0001:00025FB0       Min
 0001:0003DA5C       MinVar
 0002:0000292C       MMAvailable
 0001:0005D42C       MMSystem
 0002:00000898       ModalResults
 0002:00000D08       ModeMap
 0001:00056848       ModifySystemMenu
 0002:000000A4       Module
 0002:00002665       ModuleIsCpp
 0002:00002664       ModuleIsLib
 0001:0001CCE0       ModuleUnload
 0002:00000038       ModuleUnloadList
 0002:00002908       MonitorFromPoint
 0002:00002904       MonitorFromRect
 0002:00002900       MonitorFromWindow
 0002:000000DC       MonthDays
 0002:00002B40       Mouse
 0001:00001950       Move
 0001:00005594       MoveToEx
 0001:0003A1F8       MoveWindowOrg
 0001:0000537C       MulDiv
 0001:000002BC       MultiByteToWideChar
 0001:00005384       MultiByteToWideChar
 0002:00000BB4       MultiColumns
 0001:0005BE2C       MultiLineWidth
 0001:00026B1C       MultiMon
 0002:00000B9C       MultiSelects
 0002:00002C18       NeedToUninitialize
 0002:00002689       NegCurrFormat
 0001:00000F88       NewCommit
 0001:00000FB4       NewCommitAt
 0002:00002B44       NewStyleControls
 0001:0000B604       NextCharIndex
 0001:00043E20       NextVisibleZone
 0002:000003F0       NilMethod
 0002:00000030       NoErrMsg
 0001:0004BC10       NormalDraw
 0001:000025B0       NotifyAnyExcept
 0001:00002584       NotifyExcept
 0001:000025E4       NotifyExceptFinally
 0001:00015ED8       NotifyGlobalLoading
 0001:000047B4       NotifyModuleUnload
 0001:00002560       NotifyNonDelphiException
 0001:0000259C       NotifyOnExcept
 0001:00002544       NotifyReRaise
 0001:0000260C       NotifyTerminate
 0001:00002628       NotifyUnhandled
 0001:0004E988       NthParentOf
 0001:00012CF8       Null
 0002:0000031C       NullAsStringValue
 0002:00000318       NullStrictConvert
 0001:00038768       ObjectFromHWnd
 0002:00000B3C       OEMConverts
 0001:000059DC       OemToAnsi
 0001:000059E4       OemToCharA
 0001:000059EC       OffsetRect
 0001:0005C884       OleCheck
 0001:0005C868       OleError
 0001:00003CFC       OleStrToStrVar
 0002:00002C0C       OleUninitializing
 0001:000059F4       OpenClipboard
 0002:000007BC       OpenOptions
 0002:00000814       OpenOptionsEx
 0002:0000297C       OpenThemeData
 0002:00000CE8       OrientArray
 0002:00000CB4       OuterStyles
 0002:00002798       OutOfMemory
 0001:000201D8       OutOfResources
 0002:0000221C       Output
 0002:00000320       PackVarCreation
 0001:00034AE0       PaintListBox
 0002:0000076C       Pal16
 0001:0001E690       PaletteChanged
 0001:000209C4       PaletteFromDIBColorTable
 0001:00020A68       PaletteToDIBColorTable
 0002:00000768       PalSize
 0001:00044204       ParentNotLast
 0002:00000B18       Passwords
 0001:0000559C       PatBlt
 0002:000028EC       PatternManager
 0001:000059FC       PeekMessage
 0001:0000538C       PeekNamedPipe
 0002:000028E0       PenManager
 0002:00000738       PenModes
 0002:00000718       PenStyles
 0001:000055A4       PlayEnhMetaFile
 0001:00014DF0       Point
 0001:000050A4       Point
 0001:00015228       PointerInModule
 0001:0003F2F8       PointsEqual
 0001:00005C04       PointToSmallPoint
 0002:00002BD0       PopupList
 0001:00005A04       PostMessage
 0001:00005A0C       PostQuitMessage
 0001:00027BD0       Printers
 0001:00057F5C       ProcessExecute
 0001:000524C8       ProcessHorz
 0001:0005D7BC       ProcessPartialLine
 0001:0005805C       ProcessUpdate
 0001:00052534       ProcessVert
 0001:00018F64       PropertyNotFound
 0001:0001A1CC       PropPathError
 0002:00000E4C       Props
 0001:00018F58       PropValueError
 0001:00005A14       PtInRect
 0002:000000A0       PtrToNil
 0001:000080A4       PutExponent
 0002:00002B88       QualifyingSites
 0001:00005394       QueryPerformanceFrequency
 0001:0000AD0C       RaiseAssertException
 0001:0000020C       RaiseException
 0001:0005CEF8       RaiseException
 0001:00017F78       RaiseException
 0002:00002014       RaiseExceptionProc
 0001:0000BF98       RaiseLastOSError
 0001:0005CDE4       RaiseNameException
 0001:00044F74       ReadControlName
 0001:0001B40C       ReadCustomVariant
 0001:00018F40       ReadError
 0001:0000539C       ReadFile
 0001:00020D14       ReadIcon
 0002:00000B20       ReadOnlys
 0001:000055AC       RealizePalette
 0001:00019780       Recover
 0001:00005088       Rect
 0001:00014E18       Rect
 0001:000055BC       Rectangle
 0001:000055B4       RectVisible
 0001:00005A1C       RedrawWindow
 0002:0000281C       RefAnyProc
 0002:00002A40       ReferenceCount
 0001:000051CC       RegCloseKey
 0001:000002C4       RegCloseKey
 0002:00002860       RegGroups
 0001:00005A24       RegisterClass
 0001:000159CC       RegisterClass
 0001:00005A2C       RegisterClipboardFormat
 0001:00039568       RegisterDockSite
 0001:00015D40       RegisterFindGlobalComponentProc
 0001:00015C14       RegisterIntegerConsts
 0001:00004810       RegisterModule
 0001:00026F28       RegisterViewer
 0001:00005A34       RegisterWindowMessage
 0001:0002D520       Registry
 0001:000002CC       RegOpenKeyEx
 0001:000051D4       RegOpenKeyEx
 0001:000002D4       RegQueryValueEx
 0001:000051DC       RegQueryValueEx
 0001:00028B30       RegStr
 0001:00005A3C       ReleaseCapture
 0001:00005A44       ReleaseDC
 0002:00000048       reMap
 0002:0000261C       remBytes
 0001:000004A0       RemoveBlock
 0002:000003CC       RemoveDataModule
 0001:00018E10       RemoveFixupReferences
 0001:00018EBC       RemoveFixups
 0001:000191B4       RemoveGlobalFixup
 0001:00005A4C       RemoveMenu
 0001:0000472C       RemoveModuleUnloadProc
 0001:00004754       RemoveModuleUnloadProc
 0001:00005A54       RemoveProp
 0001:0005E5CC       RemoveStatusWindow
 0001:000053A4       ResetEvent
 0001:0001BAB8       ResetSyncEvent
 0001:0000143C       ResizeInPlace
 0001:000055C4       RestoreDC
 0001:00051E68       RestoreFocusState
 0001:0001619C       ReturnAddr
 0001:0004A9D0       ReturnAddr
 0001:00016E14       ReturnAddr
 0001:00020744       RGBQuadToTriple
 0001:0002070C       RGBTripleToQuad
 0001:00028A88       RichEdit
 0002:00002B58       RM_GetObjectInstance
 0002:00002BEC       RM_TaskbarCreated
 0002:00002618       rover
 0002:00000A80       RTFConversionFormat
 0001:00012F44       RTLConsts
 0001:00000214       RtlUnwind
 0002:00002018       RTLUnwindProc
 0002:0000006C       runErrMsg
 0001:000017E0       RunErrorAt
 0001:0000CF78       SafeArrayCreate
 0001:0000CF80       SafeArrayGetLBound
 0001:0000CF88       SafeArrayGetUBound
 0001:0000CF90       SafeArrayPtrOfIndex
 0001:0005C9A0       SafeCallError
 0002:00002020       SafeCallErrorProc
 0001:0000C5C0       SafeLoadLibrary
 0001:00006F08       SameText
 0001:000055CC       SaveDC
 0001:00051E60       SaveFocusState
 0002:00002C14       SaveInitProc
 0001:000097FC       ScanBlanks
 0001:00009940       ScanChar
 0001:00009ABC       ScanDate
 0001:0005E4B0       ScanLevel
 0001:0005E5B0       ScanNetworkResources
 0001:00009820       ScanNumber
 0001:000098B4       ScanString
 0001:00009E00       ScanTime
 0001:000099C4       ScanToNumber
 0002:00002BE4       Screen
 0002:00002898       ScreenLogPixels
 0001:00005A5C       ScreenToClient
 0002:00000B60       ScrollBar
 0001:00052680       ScrollBarVisible
 0001:00005A64       ScrollWindow
 0001:00000FE8       SearchSmallBlocks
 0001:000055D4       SelectObject
 0001:000055DC       SelectPalette
 0001:000387F8       SendAppMessage
 0001:000520D0       SendFocusMessage
 0001:00005A6C       SendMessage
 0002:00000DA8       Separators
 0001:0000199C       Set8087CW
 0001:00005A74       SetActiveWindow
 0001:0005996C       SetAnimation
 0001:000055E4       SetBkColor
 0001:000055EC       SetBkMode
 0001:000055F4       SetBrushOrgEx
 0001:00005A7C       SetCapture
 0001:00038A8C       SetCaptureControl
 0001:00005A84       SetClassLong
 0001:00012884       SetClearVarToEmptyParam
 0001:00005A8C       SetClipboardData
 0001:000198F0       SetCompName
 0001:000002DC       SetCurrentDirectory
 0001:00005A94       SetCursor
 0001:000055FC       SetDIBColorTable
 0001:000053AC       SetEndOfFile
 0001:00005604       SetEnhMetaFileBits
 0001:000053B4       SetErrorMode
 0001:000053BC       SetEvent
 0001:00002B38       SetExceptionHandler
 0001:000053C4       SetFilePointer
 0001:000133A8       SetFloatProp
 0001:00005A9C       SetFocus
 0001:00005AA4       SetForegroundWindow
 0001:00046CA0       SetImeMode
 0001:00001864       SetInOutRes
 0001:0001362C       SetInt64Prop
 0001:00013668       SetInterfaceProp
 0001:0001A4AC       SetInterfaceReference
 0001:0001A3C8       SetIntIdent
 0001:000053CC       SetLastError
 0002:00000E20       SetLayeredWindowAttributes
 0001:00013210       SetLongStrProp
 0001:00005AAC       SetMenu
 0001:00005AB4       SetMenuItemInfo
 0001:000135F4       SetMethodProp
 0001:0001A410       SetObjectIdent
 0001:00013118       SetOrdProp
 0001:00005ABC       SetParent
 0001:0000560C       SetPixel
 0001:00005AC4       SetProp
 0001:00005ACC       SetRect
 0001:00005614       SetROP2
 0001:00005AD4       SetScrollInfo
 0001:00005ADC       SetScrollPos
 0001:00005AE4       SetScrollRange
 0001:00013174       SetShortStrProp
 0001:000131C8       SetShortStrPropAsLongStr
 0001:0000561C       SetStretchBltMode
 0001:000132A8       SetStrProp
 0001:000196F8       SetSubComponentState
 0001:00005624       SetTextColor
 0002:00002A24       SetThemeAppProperties
 0001:000053D4       SetThreadLocale
 0001:00005AEC       SetTimer
 0001:0001286C       SetVarAsError
 0001:000135B4       SetVariantProp
 0001:0001A450       SetVariantReference
 0001:0000562C       SetViewportOrgEx
 0001:0005B93C       SetVisible
 0001:000132D4       SetWideStrProp
 0001:00013250       SetWideStrPropAsLongStr
 0001:00005AF4       SetWindowLong
 0001:0000563C       SetWindowOrgEx
 0001:00005AFC       SetWindowPlacement
 0001:00005B04       SetWindowPos
 0001:00005B14       SetWindowsHookEx
 0001:00005B0C       SetWindowText
 0002:000029E8       SetWindowTheme
 0001:00005634       SetWinMetaFileBits
 0002:0000014C       ShareMode
 0001:00028AF8       ShellAPI
 0002:00002B10       ShellModule
 0001:00028C0C       ShlObj
 0001:0004A9F8       ShortCut
 0002:00002BD4       ShortCutItems
 0001:0004AA84       ShortCutToText
 0002:00002690       ShortDateFormat
 0002:0000270C       ShortDayNames
 0002:000026AC       ShortMonthNames
 0002:000026A4       ShortTimeFormat
 0002:00000E98       ShowCommands
 0002:00000E80       ShowCommands
 0002:00000E8C       ShowCommands
 0001:00005B1C       ShowCursor
 0001:0000A8C4       ShowException
 0002:00000C9C       ShowFlags
 0002:00000F34       ShowFlags
 0001:00051E70       ShowMDIClientEdge
 0001:0002AEB8       ShowMessage
 0001:0002AEC4       ShowMessagePos
 0001:00005B24       ShowOwnedPopups
 0001:00005B2C       ShowScrollBar
 0001:00005B34       ShowWindow
 0001:00059994       ShowWinNoAnimate
 0001:0004620C       ShowZone
 0002:00000CFC       SizeCursors
 0001:000053DC       SizeofResource
 0001:0001AF40       SkipBinary
 0001:0001AF70       SkipCollection
 0001:0001AF18       SkipList
 0001:0000BF90       Sleep
 0001:000053E4       Sleep
 0001:00014E08       SmallPoint
 0001:00005BF0       SmallPointToPoint
 0002:00002624       smallTab
 0002:00000B94       Sorteds
 0002:000025EC       spaceRoot
 0001:00015A88       StartClassGroup
 0001:00035554       StdActns
 0001:000353EC       StdCtrls
 0001:0001CCE8       StdWndProc
 0002:000028A0       StockBrush
 0002:000028A4       StockFont
 0002:000028A8       StockIcon
 0002:0000289C       StockPen
 0001:00007AF4       StrAlloc
 0001:00007B08       StrBufSize
 0001:0000B3B4       StrByteType
 0001:0000B5A0       StrCharLength
 0001:000079D0       StrComp
 0001:00007930       StrCopy
 0001:00007B40       StrDispose
 0001:000491B4       StreamsEqual
 0001:0000790C       StrEnd
 0001:00005644       StretchBlt
 0001:00007F50       StrFmt
 0001:000079F4       StrIComp
 0001:00017E14       StringListCompareStrings
 0001:0000BE5C       StringReplace
 0001:00003D20       StringToOleStr
 0001:0004FDC0       StripHotkey
 0001:00007958       StrLCopy
 0001:000078F4       StrLen
 0001:00007F90       StrLFmt
 0001:00007A34       StrLIComp
 0001:00007920       StrMove
 0001:00007B14       StrNew
 0001:0000B5C0       StrNextChar
 0001:00007AE0       StrPas
 0001:0000798C       StrPCopy
 0001:000079B0       StrPLCopy
 0001:00007A8C       StrPos
 0001:00007A78       StrScan
 0001:00009FF4       StrToDate
 0001:0000A0C4       StrToDateTime
 0001:0000875C       StrToFloat
 0001:000073E0       StrToInt
 0001:0000741C       StrToIntDef
 0001:0000A05C       StrToTime
 0001:0002C374       StrUtils
 0002:00000B80       Styles
 0002:00000E74       Styles
 0001:00013788       Succeeded
 0001:0000C504       Supports
 0001:0000C528       Supports
 0002:00002854       SyncEvent
 0002:00000478       SyncList
 0001:00028094       SyncObjs
 0001:000002F4       SysAllocStringLen
 0001:00006174       SysConst
 0002:00000E3C       SysConsts
 0002:00000E44       SysConsts
 0001:0000A184       SysErrorMessage
 0001:00001298       SysFreeMem
 0001:00013778       SysFreeString
 0001:00000304       SysFreeString
 0001:00001108       SysGetMem
 0001:00005080       SysInit
 0002:00002744       SysLocale
 0001:00001618       SysReallocMem
 0001:000002FC       SysReAllocStringLen
 0001:00004E74       System
 0002:00002890       SystemPalette16
 0001:0002092C       SystemPaletteOverride
 0001:00005B3C       SystemParametersInfo
 0001:0000CA94       SysUtils
 0002:00000BBC       TabStops
 0001:00047B50       TActionLink.IsCaptionLinked
 0001:00047B64       TActionLink.IsCheckedLinked
 0001:00047B78       TActionLink.IsEnabledLinked
 0001:00047B8C       TActionLink.IsGroupIndexLinked
 0001:00047BA0       TActionLink.IsHelpContextLinked
 0001:00047BB4       TActionLink.IsHelpLinked
 0001:00047BC8       TActionLink.IsHintLinked
 0001:00047BDC       TActionLink.IsImageIndexLinked
 0001:00047BF0       TActionLink.IsShortCutLinked
 0001:00047C04       TActionLink.IsVisibleLinked
 0001:00047C18       TActionLink.SetAutoCheck
 0001:00047C1C       TActionLink.SetCaption
 0001:00047C20       TActionLink.SetChecked
 0001:00047C24       TActionLink.SetEnabled
 0001:00047C28       TActionLink.SetGroupIndex
 0001:00047C2C       TActionLink.SetHelpContext
 0001:00047C30       TActionLink.SetHelpKeyword
 0001:00047C34       TActionLink.SetHelpType
 0001:00047C38       TActionLink.SetHint
 0001:00047C3C       TActionLink.SetImageIndex
 0001:00047C40       TActionLink.SetShortCut
 0001:00047C44       TActionLink.SetVisible
 0001:0005BED8       TApplication.ActivateHint
 0001:0005AB2C       TApplication.BringToFront
 0001:0005BC40       TApplication.CancelHint
 0001:0005A110       TApplication.CheckIniChange
 0001:00059E8C       TApplication.ControlDestroyed
 0001:000599D4       TApplication.Create
 0001:0005AF2C       TApplication.CreateForm
 0001:00059CDC       TApplication.CreateHandle
 0001:00059BC0       TApplication.Destroy
 0001:0005C2A8       TApplication.DispatchAction
 0001:0005B60C       TApplication.DoActionIdle
 0001:0005B670       TApplication.DoMouseIdle
 0001:00059F5C       TApplication.DoNormalizeTopMosts
 0001:0005C338       TApplication.ExecuteAction
 0001:0005C26C       TApplication.GetCurrentHelpFile
 0001:0005A960       TApplication.GetIconHandle
 0001:0005AB68       TApplication.GetTitle
 0001:0005B0AC       TApplication.HandleException
 0001:0005AE18       TApplication.HandleMessage
 0001:0005B5B4       TApplication.HelpCommand
 0001:0005B54C       TApplication.HelpContext
 0001:0005B4E4       TApplication.HelpKeyword
 0001:0005BBFC       TApplication.HideHint
 0001:0005BAB4       TApplication.HintMouseMessage
 0001:0005BBC4       TApplication.HintTimerExpired
 0001:0005AE3C       TApplication.HookMainWindow
 0001:0005C3E4       TApplication.HookSynchronizeWakeup
 0001:0005B844       TApplication.IconChanged
 0001:0005B6E8       TApplication.Idle
 0001:0005AF14       TApplication.Initialize
 0001:0005B37C       TApplication.InvokeHelp
 0001:0005ABB4       TApplication.IsDlgMsg
 0001:0005ACE0       TApplication.IsHintMsg
 0001:0005AC28       TApplication.IsKeyMsg
 0001:0005ABD8       TApplication.IsMDIMsg
 0001:0005AD14       TApplication.IsShortCut
 0001:0005B13C       TApplication.MessageBox
 0001:0005A97C       TApplication.Minimize
 0001:0005A038       TApplication.ModalFinished
 0001:0005A00C       TApplication.ModalStarted
 0001:0005A06C       TApplication.NormalizeAllTopMosts
 0001:0005A064       TApplication.NormalizeTopMosts
 0001:0005B808       TApplication.NotifyForms
 0001:0005AD80       TApplication.ProcessMessage
 0001:0005AA2C       TApplication.Restore
 0001:0005A074       TApplication.RestoreTopMosts
 0001:0005AFAC       TApplication.Run
 0001:0005B8A8       TApplication.SetHint
 0001:0005B5BC       TApplication.SetShowHint
 0001:0005A168       TApplication.SettingChange
 0001:0005B2A4       TApplication.ShowException
 0001:0005BA48       TApplication.StartHintTimer
 0001:0005BA8C       TApplication.StopHintTimer
 0001:0005B098       TApplication.Terminate
 0001:0005AE98       TApplication.UnhookMainWindow
 0001:0005C3F4       TApplication.UnhookSynchronizeWakeup
 0001:0005C360       TApplication.UpdateAction
 0001:0005B998       TApplication.UpdateVisible
 0001:0005A0F8       TApplication.UseRightToLeftAlignment
 0001:0005A0E0       TApplication.UseRightToLeftReading
 0001:0005BA20       TApplication.ValidateHelpSystem
 0001:0005C3D4       TApplication.WakeMainThread
 0001:0005A25C       TApplication.WndProc
 0002:00000E2C       TaskActiveWindow
 0002:00000E34       TaskFirstTopMost
 0002:00000E30       TaskFirstWindow
 0002:00000E38       TaskWindowList
 0001:00038EDC       TBaseDragControlObject.Assign
 0001:00038EB8       TBaseDragControlObject.Create
 0001:00038F08       TBaseDragControlObject.EndDrag
 0001:00038F34       TBaseDragControlObject.Finished
 0001:0001C6EC       TBasicAction.Change
 0001:0001C588       TBasicAction.Create
[...]
 0002:00000CE8       OrientArray
 0002:00000CF0       MakeLast
 0002:00000CF8       TreeStreamEndFlag
 0002:00000CFC       SizeCursors
 0002:00000D04       IMM32DLL
 0002:00000D08       ModeMap
 0002:00000D10       DrawingStyles
 0002:00000D20       Images
 0002:00000D28       Mask
 0002:00000D30       ValidMenuHotkeys
 0002:00000D34       cMenuAutoFlagToItem
 0002:00000D38       cItemAutoFlagToMenu
 0002:00000D3C       cBooleanToItemAutoFlag
 0002:00000D40       cItemAutoFlagToBoolean
 0002:00000D44       MenuKeyCaps
 0002:00000D8C       Checks
 0002:00000D94       Enables
 0002:00000D9C       Breaks
 0002:00000DA8       Separators
 0002:00000DB0       IBreaks
 0002:00000DBC       IChecks
 0002:00000DC4       IDefaults
 0002:00000DCC       IEnables
 0002:00000DD4       IRadios
 0002:00000DDC       ISeparators
 0002:00000DE4       IRTL
 0002:00000DEC       IOwnerDraw
 0002:00000DF4       Alignments
 0002:00000DFC       EdgeStyle
 0002:00000E04       Alignments
 0002:00000E0C       Flags
 0002:00000E18       Buttons
 0002:00000E1C       HintWindowClass
 0002:00000E20       SetLayeredWindowAttributes
 0002:00000E24       FocusMessages
 0002:00000E28       FocusCount
 0002:00000E2C       TaskActiveWindow
 0002:00000E30       TaskFirstWindow
 0002:00000E34       TaskFirstTopMost
 0002:00000E38       TaskWindowList
 0002:00000E3C       SysConsts
 0002:00000E44       SysConsts
 0002:00000E4C       Props
 0002:00000E74       Styles
 0002:00000E80       ShowCommands
 0002:00000E8C       ShowCommands
 0002:00000E98       ShowCommands
 0002:00000EA4       cUseAlpha
 0002:00000EAC       cUseColorKey
 0002:00000EB4       CursorMap
 0002:00000F08       WindowClass
 0002:00000F30       AppVisible
 0002:00000F34       ShowFlags
 0002:00000F38       CoCreateInstanceEx
 0002:00000F3C       CoInitializeEx
 0002:00000F40       CoAddRefServerProcess
 0002:00000F44       CoReleaseServerProcess
 0002:00000F48       CoResumeClassObjects
 0002:00000F4C       CoSuspendClassObjects
 0002:00000F50       CoInitFlags
 0002:00000F54       ThreadStrs
 0002:00000F68       DSiWinVerKeys
 0002:00000F70       CDSiWindowsVersionStr
 0002:00000FC0       GInterlockedCompareExchange64
 0002:00000FC4       _GLibraryList
 0002:00002000       DispCallByIDProc
 0002:00002004       ExceptProc
 0002:00002008       ErrorProc
 0002:0000200C       ExceptClsProc
 0002:00002010       ExceptObjProc
 0002:00002014       RaiseExceptionProc
 0002:00002018       RTLUnwindProc
 0002:0000201C       ExceptionClass
 0002:00002020       SafeCallErrorProc
 0002:00002024       AssertErrorProc
 0002:00002028       ExitProcessProc
 0002:0000202C       AbstractErrorProc
 0002:00002030       MainInstance
 0002:00002034       MainThreadID
 0002:00002038       IsLibrary
 0002:0000203C       CmdShow
 0002:00002040       CmdLine
 0002:00002044       InitProc
 0002:00002048       ExitProc
 0002:0000204C       IsConsole
 0002:0000204D       IsMultiThread
 0002:0000204E       Test8086
 0002:00002050       Input
 0002:0000221C       Output
 0002:000023E8       ErrOutput
 0002:000025B4       AllocMemCount
 0002:000025B8       AllocMemSize
 0002:000025BC       .5
 0002:000025C0       DefaultUserCodePage
 0002:000025C4       initialized
 0002:000025C8       heapErrorCode
 0002:000025CC       heapLock
 0002:000025E4       blockDescBlockList
 0002:000025E8       blockDescFreeList
 0002:000025EC       spaceRoot
 0002:000025FC       decommittedRoot
 0002:0000260C       avail
 0002:00002618       rover
 0002:0000261C       remBytes
 0002:00002620       curAlloc
 0002:00002624       smallTab
 0002:00002628       committedRoot
 0002:00002638       InitContext
 0002:00002664       ModuleIsLib
 0002:00002665       ModuleIsCpp
 0002:00002668       HInstance
 0002:0000266C       .1
 0002:00002670       tlsBuffer
 0002:00002674       .1
 0002:00002678       .3
 0002:0000267C       .1
 0002:00002680       .1
 0002:00002684       CurrencyString
 0002:00002688       CurrencyFormat
 0002:00002689       NegCurrFormat
 0002:0000268A       ThousandSeparator
 0002:0000268B       DecimalSeparator
 0002:0000268C       CurrencyDecimals
 0002:0000268D       DateSeparator
 0002:00002690       ShortDateFormat
 0002:00002694       LongDateFormat
 0002:00002698       TimeSeparator
 0002:0000269C       TimeAMString
 0002:000026A0       TimePMString
 0002:000026A4       ShortTimeFormat
 0002:000026A8       LongTimeFormat
 0002:000026AC       ShortMonthNames
 0002:000026DC       LongMonthNames
 0002:0000270C       ShortDayNames
 0002:00002728       LongDayNames
 0002:00002744       SysLocale
 0002:00002752       ListSeparator
 0002:00002754       EraNames
 0002:00002770       EraYearOffsets
 0002:0000278C       TrueBoolStrs
 0002:00002790       FalseBoolStrs
 0002:00002794       .35
 0002:00002798       OutOfMemory
 0002:0000279C       InvalidPointer
 0002:000027A0       FLanguages
 0002:000027A4       VariantChangeTypeEx
 0002:000027A8       VarNeg
 0002:000027AC       VarNot
 0002:000027B0       VarAdd
 0002:000027B4       VarSub
 0002:000027B8       VarMul
 0002:000027BC       VarDiv
 0002:000027C0       VarIDiv
 0002:000027C4       VarMod
 0002:000027C8       VarAnd
 0002:000027CC       VarOr
 0002:000027D0       VarXor
 0002:000027D4       VarCmp
 0002:000027D8       VarI4FromStr
 0002:000027DC       VarR4FromStr
 0002:000027E0       VarR8FromStr
 0002:000027E4       VarDateFromStr
 0002:000027E8       VarCyFromStr
 0002:000027EC       VarBoolFromStr
 0002:000027F0       VarBstrFromCy
 0002:000027F4       VarBstrFromDate
 0002:000027F8       VarBstrFromBool
 0002:000027FC       .5
 0002:00002800       EmptyParam
 0002:00002810       VarDispProc
 0002:00002814       ClearAnyProc
 0002:00002818       ChangeAnyProc
 0002:0000281C       RefAnyProc
 0002:00002820       .81
 0002:00002824       LVarTypes
 0002:00002828       LVarTypeSync
 0002:00002840       .1
 0002:00002844       .6
 0002:00002848       .3
 0002:0000284C       GlobalNameSpace
 0002:00002850       IsUniqueGlobalComponentNameProc
 0002:00002854       SyncEvent
 0002:00002858       .45
 0002:0000285C       IntConstList
 0002:00002860       RegGroups
 0002:00002864       FindGlobalComponentProcs
 0002:00002868       GlobalFixupList
 0002:0000286C       ThreadLock
 0002:00002884       InstBlockList
 0002:00002888       InstFreeList
 0002:0000288C       .1
 0002:00002890       SystemPalette16
 0002:00002894       .12
 0002:00002898       ScreenLogPixels
 0002:0000289C       StockPen
 0002:000028A0       StockBrush
 0002:000028A4       StockFont
 0002:000028A8       StockIcon
 0002:000028AC       BitmapImageLock
 0002:000028C4       CounterLock
 0002:000028DC       FontManager
 0002:000028E0       PenManager
 0002:000028E4       BrushManager
 0002:000028E8       CanvasList
 0002:000028EC       PatternManager
 0002:000028F0       .2
 0002:000028F4       .21
 0002:000028F8       .1
 0002:000028FC       GetSystemMetrics
 0002:00002900       MonitorFromWindow
 0002:00002904       MonitorFromRect
 0002:00002908       MonitorFromPoint
 0002:0000290C       GetMonitorInfo
 0002:00002910       GetMonitorInfoA
 0002:00002914       GetMonitorInfoW
 0002:00002918       EnumDisplayMonitors
 0002:0000291C       .1
 0002:00002920       User32Dll
 0002:00002924       InitApis
 0002:0000292C       MMAvailable
 0002:00002930       .1
 0002:00002934       .2
 0002:00002938       HelpManager
 0002:0000293C       .3
 0002:00002940       .3
 0002:00002944       FlatSB_EnableScrollBar
 0002:00002948       FlatSB_ShowScrollBar
 0002:0000294C       FlatSB_GetScrollRange
 0002:00002950       FlatSB_GetScrollInfo
 0002:00002954       FlatSB_GetScrollPos
 0002:00002958       FlatSB_SetScrollPos
 0002:0000295C       FlatSB_SetScrollInfo
 0002:00002960       FlatSB_SetScrollRange
 0002:00002964       .1
 0002:00002968       _FlatSB_GetScrollProp
 0002:0000296C       _FlatSB_SetScrollProp
 0002:00002970       _InitializeFlatSB
 0002:00002974       _UninitializeFlatSB
 0002:00002978       .6
 0002:0000297C       OpenThemeData
 0002:00002980       CloseThemeData
 0002:00002984       DrawThemeBackground
 0002:00002988       DrawThemeText
 0002:0000298C       GetThemeBackgroundContentRect
 0002:00002990       GetThemeBackgroundExtent
 0002:00002994       GetThemePartSize
 0002:00002998       GetThemeTextExtent
 0002:0000299C       GetThemeTextMetrics
 0002:000029A0       GetThemeBackgroundRegion
 0002:000029A4       HitTestThemeBackground
 0002:000029A8       DrawThemeEdge
 0002:000029AC       DrawThemeIcon
 0002:000029B0       IsThemePartDefined
 0002:000029B4       IsThemeBackgroundPartiallyTransparent
 0002:000029B8       GetThemeColor
 0002:000029BC       GetThemeMetric
 0002:000029C0       GetThemeString
 0002:000029C4       GetThemeBool
 0002:000029C8       GetThemeInt
 0002:000029CC       GetThemeEnumValue
 0002:000029D0       GetThemePosition
 0002:000029D4       GetThemeFont
 0002:000029D8       GetThemeRect
 0002:000029DC       GetThemeMargins
 0002:000029E0       GetThemeIntList
 0002:000029E4       GetThemePropertyOrigin
 0002:000029E8       SetWindowTheme
 0002:000029EC       GetThemeFilename
 0002:000029F0       GetThemeSysColor
 0002:000029F4       GetThemeSysColorBrush
 0002:000029F8       GetThemeSysBool
 0002:000029FC       GetThemeSysSize
 0002:00002A00       GetThemeSysFont
 0002:00002A04       GetThemeSysString
 0002:00002A08       GetThemeSysInt
 0002:00002A0C       IsThemeActive
 0002:00002A10       IsAppThemed
 0002:00002A14       GetWindowTheme
 0002:00002A18       EnableThemeDialogTexture
 0002:00002A1C       IsThemeDialogTextureEnabled
 0002:00002A20       GetThemeAppProperties
 0002:00002A24       SetThemeAppProperties
 0002:00002A28       GetCurrentThemeName
 0002:00002A2C       GetThemeDocumentationProperty
 0002:00002A30       DrawThemeParentBackground
 0002:00002A34       EnableTheming
 0002:00002A38       .1
 0002:00002A3C       ThemeLibrary
 0002:00002A40       ReferenceCount
 0002:00002A44       Lock
 0002:00002A48       .1
 0002:00002A4C       .4
 0002:00002A50       .1
 0002:00002A54       .1
 0002:00002A58       .1
 0002:00002A5C       .1
 0002:00002A60       .1
 0002:00002A64       .1
 0002:00002A68       .1
 0002:00002A6C       .11
 0002:00002A70       HelpMsg
 0002:00002A74       FindMsg
 0002:00002A78       ButtonWidths
 0002:00002AA4       .12
 0002:00002AA8       .1
 0002:00002AAC       CF_PICTURE
 0002:00002AAE       CF_COMPONENT
 0002:00002AB0       .2
 0002:00002AB4       FClipboard
 0002:00002AB8       .1
 0002:00002ABC       .4
 0002:00002AC0       BitBtnGlyphs
 0002:00002AEC       .3
 0002:00002AF0       .8
 0002:00002AF4       .5
 0002:00002AF8       .1
 0002:00002AFC       .72
 0002:00002B00       UrlMonHandle
 0002:00002B04       UrlMonInitialized
 0002:00002B08       .8
 0002:00002B0C       .36
 0002:00002B10       ShellModule
 0002:00002B14       FRichEditModule
 0002:00002B18       ComCtlVersion
 0002:00002B1C       .2
 0002:00002B20       InternalServices
 0002:00002B24       .42
 0002:00002B28       .73
 0002:00002B2C       WinHelpTester
 0002:00002B30       ViewerName
 0002:00002B34       .1
 0002:00002B38       HelpViewer
 0002:00002B3C       HelpViewerIntf
 0002:00002B40       Mouse
 0002:00002B44       NewStyleControls
 0002:00002B48       .72
 0002:00002B4C       WindowAtom
 0002:00002B4E       ControlAtom
 0002:00002B50       WindowAtomString
 0002:00002B54       ControlAtomString
 0002:00002B58       RM_GetObjectInstance
 0002:00002B5C       DragControl
 0002:00002B60       DragObject
 0002:00002B64       DragInternalObject
 0002:00002B68       DragCapture
 0002:00002B6C       DragStartPos
 0002:00002B74       DragSaveCursor
 0002:00002B78       DragThreshold
 0002:00002B7C       ActiveDrag
 0002:00002B80       DragImageList
 0002:00002B84       DockSiteList
 0002:00002B88       QualifyingSites
 0002:00002B8C       DragSave
 0002:00002B90       CanvasList
 0002:00002B94       _WINNLSEnableIME
 0002:00002B98       _ImmGetContext
 0002:00002B9C       _ImmReleaseContext
 0002:00002BA0       _ImmGetConversionStatus
 0002:00002BA4       _ImmSetConversionStatus
 0002:00002BA8       _ImmSetOpenStatus
 0002:00002BAC       _ImmSetCompositionWindow
 0002:00002BB0       _ImmSetCompositionFont
 0002:00002BB4       _ImmGetCompositionString
 0002:00002BB8       _ImmIsIME
 0002:00002BBC       _ImmNotifyIME
 0002:00002BC0       .8
 0002:00002BC4       .3
 0002:00002BC8       CachedComCtrlVer
 0002:00002BCC       ImageListWriteExProc
 0002:00002BD0       PopupList
 0002:00002BD4       ShortCutItems
 0002:00002BD8       .9
 0002:00002BDC       CommandPool
 0002:00002BE0       Application
 0002:00002BE4       Screen
 0002:00002BE8       .41
 0002:00002BEC       RM_TaskbarCreated
 0002:00002BF0       HintThreadID
 0002:00002BF4       HintDoneEvent
 0002:00002BF8       HintHook
 0002:00002BFC       HintThread
 0002:00002C00       .5
 0002:00002C04       .1
 0002:00002C08       .41
 0002:00002C0C       OleUninitializing
 0002:00002C10       ComClassManagerVar
 0002:00002C14       SaveInitProc
 0002:00002C18       NeedToUninitialize
 0002:00002C1C       .1
 0002:00002C20       .7
 0002:00002C24       .5
 0002:00002C28       GDSiWndHandlerCritSect
 0002:00002C40       GDSiWndHandlerCount
 0002:00002C44       GTerminateBackgroundTasks
 0002:00002C48       GCF_HTML
 0002:00002C4C       GPerformanceFrequency
 0002:00002C54       Form1
 0002:00002C58       .2


Line numbers for DSiWin32(DSiWin32.pas) segment .text

  1688 0001:0005D69C  1689 0001:0005D69F  1690 0001:0005D6A4  1691 0001:0005D6AC
  1693 0001:0005D6B0  3640 0001:0005D6B4  3641 0001:0005D6D9  3642 0001:0005D6DD
  3644 0001:0005D6E9  3645 0001:0005D6F3  3646 0001:0005D702  3647 0001:0005D709
  3648 0001:0005D710  3649 0001:0005D714  3651 0001:0005D71E  3655 0001:0005D74D
  3657 0001:0005D756  3658 0001:0005D75C  3659 0001:0005D767  3662 0001:0005D776
  3663 0001:0005D77B  3664 0001:0005D784  3666 0001:0005D7B2  3898 0001:0005D7BC
  3899 0001:0005D7E6  3900 0001:0005D7F2  3901 0001:0005D7F8  3904 0001:0005D809
  3908 0001:0005D816  3911 0001:0005D82E  3912 0001:0005D83C  3914 0001:0005D844
  3915 0001:0005D84F  3916 0001:0005D870  3917 0001:0005D897  3918 0001:0005D8B1
  3919 0001:0005D8C0  3920 0001:0005D8E7  3941 0001:0005D8FC  3942 0001:0005D92E
  3943 0001:0005D933  3944 0001:0005D938  3945 0001:0005D940  3946 0001:0005D945
  3947 0001:0005D94A  3948 0001:0005D969  3949 0001:0005D970  3950 0001:0005D977
  3951 0001:0005D97C  3952 0001:0005D997  3953 0001:0005D9A3  3954 0001:0005D9B5
  3955 0001:0005D9BF  3956 0001:0005D9C5  3957 0001:0005D9CB  3958 0001:0005D9D1
  3959 0001:0005D9D8  3960 0001:0005D9DE  3961 0001:0005D9E2  3963 0001:0005D9EE
  3964 0001:0005D9F8  3966 0001:0005DA02  3970 0001:0005DA3F  3971 0001:0005DA46
  3972 0001:0005DA4C  3974 0001:0005DA4E  3975 0001:0005DA5B  3980 0001:0005DA80
  3981 0001:0005DA86  3982 0001:0005DA9D  3983 0001:0005DAA6  3984 0001:0005DAAD
  3985 0001:0005DABA  3986 0001:0005DABD  3987 0001:0005DAC5  3988 0001:0005DADB
  3989 0001:0005DAFE  3990 0001:0005DB04  3991 0001:0005DB09  3993 0001:0005DB15
  3997 0001:0005DB1C  4001 0001:0005DB39  4002 0001:0005DB41  4003 0001:0005DB48
  4004 0001:0005DB55  4005 0001:0005DB5E  4006 0001:0005DB67  4007 0001:0005DB70
  4008 0001:0005DB79  4010 0001:0005DB81  4011 0001:0005DB87  4012 0001:0005DBCB
  4869 0001:0005DC00  4870 0001:0005DC05  4871 0001:0005DC07  4872 0001:0005DC0B
  4874 0001:0005DC12  7063 0001:0005DC14  7064 0001:0005DC17  7065 0001:0005DC25
  7066 0001:0005DC41  7067 0001:0005DC65  7068 0001:0005DC73  7069 0001:0005DC99
  7293 0001:0005DC9C  7294 0001:0005DCA5  7295 0001:0005DCB6  7296 0001:0005DCBB
  7307 0001:0005DCBC  7308 0001:0005DCC2  7309 0001:0005DCD0  7310 0001:0005DCD4
  7311 0001:0005DCE0  7312 0001:0005DCEF  7313 0001:0005DCF5  7314 0001:0005DCF9
  7316 0001:0005DD09  7317 0001:0005DD0D  7319 0001:0005DD1B  7320 0001:0005DD1D
  7328 0001:0005DD24  7329 0001:0005DD2A  7330 0001:0005DD3F  7338 0001:0005DD44
  7339 0001:0005DD47  7340 0001:0005DD5B  7341 0001:0005DD6B  7342 0001:0005DD7D
  7343 0001:0005DD8B  7339 0001:0005DD8C  7344 0001:0005DD8F  7821 0001:0005DD94
  7822 0001:0005DDA8  7836 0001:0005DDE8  7837 0001:0005DE08  7838 0001:0005DE12
  7839 0001:0005DE1C  7840 0001:0005DE21  7841 0001:0005DE6A  7824 0001:0005DE6C
  7825 0001:0005DE79  7826 0001:0005DE83  7827 0001:0005DE95  7828 0001:0005DE9C
  7829 0001:0005DEB5  7830 0001:0005DEC2  7831 0001:0005DED0  7832 0001:0005DEE4
  7833 0001:0005DEF3  7834 0001:0005DEF8  7835 0001:0005DEFF

Line numbers for AnaForm(AnaForm.pas) segment .text

    60 0001:0005E228    61 0001:0005E22D    62 0001:0005E232    63 0001:0005E237
    64 0001:0005E299    65 0001:0005E2A1    66 0001:0005E2A9    71 0001:0005E2B8
    72 0001:0005E2EE    73 0001:0005E2F0    75 0001:0005E2FE    76 0001:0005E31C
    77 0001:0005E33A    78 0001:0005E361    79 0001:0005E362    80 0001:0005E38C
    87 0001:0005E394    88 0001:0005E3A3    89 0001:0005E3A7    90 0001:0005E3AE
    91 0001:0005E3B2    93 0001:0005E3C9    94 0001:0005E3D7    95 0001:0005E3DE
    96 0001:0005E3EB    98 0001:0005E3F9    99 0001:0005E3FF   100 0001:0005E40E
   101 0001:0005E424   103 0001:0005E42C   105 0001:0005E437   107 0001:0005E43F
   108 0001:0005E445   110 0001:0005E44B   111 0001:0005E455   112 0001:0005E45C
   115 0001:0005E46F   116 0001:0005E479   119 0001:0005E490   122 0001:0005E4A4
   131 0001:0005E4B0   132 0001:0005E4CE   133 0001:0005E4EA   134 0001:0005E4F8
   136 0001:0005E503   138 0001:0005E520   140 0001:0005E549   141 0001:0005E558
   142 0001:0005E568   134 0001:0005E569   144 0001:0005E579   146 0001:0005E5A6
   148 0001:0005E5B0   149 0001:0005E5BF   150 0001:0005E5C8   154 0001:0005E5CC
   155 0001:0005E5D2   163 0001:0005E5D4   164 0001:0005E5F6   165 0001:0005E604
   166 0001:0005E612   167 0001:0005E623   168 0001:0005E634   170 0001:0005E69A
   171 0001:0005E6B5   173 0001:0005E6BD   174 0001:0005E6C7   175 0001:0005E723
   176 0001:0005E73F   177 0001:0005E792   178 0001:0005E7AF   179 0001:0005E7CE
   181 0001:0005E7D2   182 0001:0005E7F9   183 0001:0005E806   187 0001:0005E891
   192 0001:0005E9A8   193 0001:0005E9C6   194 0001:0005E9D9   195 0001:0005E9FD
   197 0001:0005EA06   198 0001:0005EA19   200 0001:0005EA28   201 0001:0005EA44
   205 0001:0005EA5E   206 0001:0005EA68   209 0001:0005EA6D   210 0001:0005EA91
   212 0001:0005EA9A   213 0001:0005EAAD   215 0001:0005EABC   216 0001:0005EAD8
   220 0001:0005EAF2   221 0001:0005EAFC   224 0001:0005EB01   225 0001:0005EB25
   227 0001:0005EB32   228 0001:0005EB45   230 0001:0005EB54   231 0001:0005EB70
   232 0001:0005EB88   236 0001:0005EBA1   237 0001:0005EBAB   242 0001:0005EBB2
   244 0001:0005EC0E   247 0001:0005ED70   248 0001:0005ED86   250 0001:0005ED95
   252 0001:0005EDD4   257 0001:0005EDD8   258 0001:0005EDDF   259 0001:0005EDF0
   260 0001:0005EDFD   261 0001:0005EE0B   263 0001:0005EE33   265 0001:0005EE43
   268 0001:0005EE64   269 0001:0005EE7C   270 0001:0005EED5   272 0001:0005EF20
   272 0001:0005EF27

Line numbers for Duyuru(C:\Users\ab106968\Desktop\Duyuru\Duyuru.dpr) segment .text

    10 0001:0005F160    11 0001:0005F170    12 0001:0005F17C    13 0001:0005F194
    14 0001:0005F1A0

Bound resource files

c:\program files (x86)\borland\delphi7\Lib\Buttons.res
c:\program files (x86)\borland\delphi7\Lib\ExtDlgs.res
c:\program files (x86)\borland\delphi7\Lib\Controls.res
c:\program files (x86)\borland\delphi7\Lib\FileCtrl.res
AnaForm.dfm
Duyuru.res
Duyuru.drf


Program entry point at 0001:0005F160
